../Src/port.c:266:13:prvPortStartFirstTask	0	static,ignoring_inline_asm
../Src/port.c:712:13:vPortEnableVFP	0	static,ignoring_inline_asm
../Src/port.c:221:13:prvTaskExitError	8	static,ignoring_inline_asm
../Src/port.c:189:15:pxPortInitialiseStack	0	static
../Src/port.c:247:6:SVC_Handler	0	static,ignoring_inline_asm
../Src/port.c:402:6:vPortEndScheduler	0	static,ignoring_inline_asm
../Src/port.c:410:6:vPortEnterCritical	0	static,ignoring_inline_asm
../Src/port.c:427:6:vPortExitCritical	0	static,ignoring_inline_asm
../Src/port.c:439:6:PendSV_Handler	0	static,ignoring_inline_asm
../Src/port.c:496:6:SysTick_Handler	8	static,ignoring_inline_asm
../Src/port.c:690:32:vPortSetupTimerInterrupt	0	static
../Src/port.c:293:12:xPortStartScheduler	24	static,ignoring_inline_asm
../Src/port.c:729:10:vPortValidateInterruptPriority	0	static,ignoring_inline_asm
