../Src/stream_buffer.c:1231:15:prvBytesInBuffer	0	static
../Src/stream_buffer.c:1252:13:prvInitialiseNewStreamBuffer	24	static,ignoring_inline_asm
../Src/stream_buffer.c:1141:15:prvWriteBytesToBuffer.part.0	24	static,ignoring_inline_asm
../Src/stream_buffer.c:724:15:prvWriteMessageToBuffer	24	static
../Src/stream_buffer.c:1187:15:prvReadBytesFromBuffer.part.0	24	static,ignoring_inline_asm
../Src/stream_buffer.c:968:15:prvReadMessageFromBuffer	32	static
../Src/stream_buffer.c:235:26:xStreamBufferGenericCreate	32	static,ignoring_inline_asm
../Src/stream_buffer.c:385:6:vStreamBufferDelete	0	static,ignoring_inline_asm
../Src/stream_buffer.c:418:12:xStreamBufferReset	16	static,ignoring_inline_asm
../Src/stream_buffer.c:467:12:xStreamBufferSetTriggerLevel	0	static,ignoring_inline_asm
../Src/stream_buffer.c:497:8:xStreamBufferSpacesAvailable	12	static,ignoring_inline_asm
../Src/stream_buffer.c:530:8:xStreamBufferBytesAvailable	0	static,ignoring_inline_asm
../Src/stream_buffer.c:542:8:xStreamBufferSend	56	static,ignoring_inline_asm
../Src/stream_buffer.c:673:8:xStreamBufferSendFromISR	32	static,ignoring_inline_asm
../Src/stream_buffer.c:767:8:xStreamBufferReceive	40	static,ignoring_inline_asm
../Src/stream_buffer.c:871:8:xStreamBufferNextMessageLengthBytes	16	static,ignoring_inline_asm
../Src/stream_buffer.c:911:8:xStreamBufferReceiveFromISR	40	static,ignoring_inline_asm
../Src/stream_buffer.c:1020:12:xStreamBufferIsEmpty	0	static,ignoring_inline_asm
../Src/stream_buffer.c:1044:12:xStreamBufferIsFull	8	static,ignoring_inline_asm
../Src/stream_buffer.c:1079:12:xStreamBufferSendCompletedFromISR	24	static,ignoring_inline_asm
../Src/stream_buffer.c:1110:12:xStreamBufferReceiveCompletedFromISR	24	static,ignoring_inline_asm
