../Src/tasks.c:3441:8:prvIdleTask	0	static,ignoring_inline_asm
../Src/tasks.c:4006:13:prvResetNextTaskUnblockTime	0	static
../Src/tasks.c:5310:13:prvAddCurrentTaskToDelayedList.constprop	16	static
../Src/tasks.c:728:16:xTaskCreate	40	static,ignoring_inline_asm
../Src/tasks.c:1997:6:vTaskStartScheduler	16	static,ignoring_inline_asm
../Src/tasks.c:2125:6:vTaskEndScheduler	0	static,ignoring_inline_asm
../Src/tasks.c:2136:6:vTaskSuspendAll	0	static,ignoring_inline_asm
../Src/tasks.c:2332:12:xTaskGetTickCount	0	static
../Src/tasks.c:2347:12:xTaskGetTickCountFromISR	8	static
../Src/tasks.c:2378:13:uxTaskGetNumberOfTasks	0	static
../Src/tasks.c:2386:8:pcTaskGetName	0	static,ignoring_inline_asm
../Src/tasks.c:2736:12:xTaskIncrementTick	48	static,ignoring_inline_asm
../Src/tasks.c:2220:12:xTaskResumeAll	40	static,ignoring_inline_asm
../Src/tasks.c:1346:10:vTaskDelay	8	static,ignoring_inline_asm
../Src/tasks.c:2638:12:xTaskCatchUpTicks	8	static,ignoring_inline_asm
../Src/tasks.c:3021:6:vTaskSwitchContext	8	static,ignoring_inline_asm
../Src/tasks.c:3097:6:vTaskPlaceOnEventList	8	static,ignoring_inline_asm
../Src/tasks.c:3122:6:vTaskPlaceOnUnorderedEventList	8	static,ignoring_inline_asm
../Src/tasks.c:3150:10:vTaskPlaceOnEventListRestricted	12	static,ignoring_inline_asm
../Src/tasks.c:3183:12:xTaskRemoveFromEventList	20	static,ignoring_inline_asm
../Src/tasks.c:3251:6:vTaskRemoveFromUnorderedEventList	20	static,ignoring_inline_asm
../Src/tasks.c:3300:6:vTaskSetTimeOutState	8	static,ignoring_inline_asm
../Src/tasks.c:3312:6:vTaskInternalSetTimeOutState	0	static
../Src/tasks.c:3320:12:xTaskCheckForTimeOut	16	static,ignoring_inline_asm
../Src/tasks.c:3385:6:vTaskMissedYield	0	static
../Src/tasks.c:4029:18:xTaskGetCurrentTaskHandle	0	static
../Src/tasks.c:4046:16:xTaskGetSchedulerState	0	static
../Src/tasks.c:4074:16:xTaskPriorityInherit	24	static
../Src/tasks.c:4164:16:xTaskPriorityDisinherit	24	static,ignoring_inline_asm
../Src/tasks.c:4244:10:vTaskPriorityDisinheritAfterTimeout	16	static,ignoring_inline_asm
../Src/tasks.c:4671:12:uxTaskResetEventItemValue	0	static
../Src/tasks.c:4687:18:pvTaskIncrementMutexHeldCount	0	static
../Src/tasks.c:4704:14:ulTaskGenericNotifyTake	16	static,ignoring_inline_asm
../Src/tasks.c:4776:16:xTaskGenericNotifyWait	24	static,ignoring_inline_asm
../Src/tasks.c:4862:16:xTaskGenericNotify	24	static,ignoring_inline_asm
../Src/tasks.c:4985:16:xTaskGenericNotifyFromISR	32	static,ignoring_inline_asm
../Src/tasks.c:5124:10:vTaskGenericNotifyGiveFromISR	24	static,ignoring_inline_asm
../Src/tasks.c:5213:16:xTaskGenericNotifyStateClear	8	static,ignoring_inline_asm
../Src/tasks.c:5247:14:ulTaskGenericNotifyValueClear	24	static
