../Src/timers.c:928:17:prvCheckForValidListAndQueue	24	static
../Src/timers.c:711:23:prvInsertTimerInActiveList	8	static
../Src/timers.c:517:17:prvReloadTimer	16	static
../Src/timers.c:536:17:prvProcessExpiredTimer	24	static
../Src/timers.c:688:23:prvSampleTimeNow	24	static
../Src/timers.c:563:12:prvTimerTask	48	static,ignoring_inline_asm
../Src/timers.c:233:16:xTimerCreateTimerTask	16	static,ignoring_inline_asm
../Src/timers.c:288:23:xTimerCreate	24	static,ignoring_inline_asm
../Src/timers.c:386:16:xTimerGenericCommand	32	static,ignoring_inline_asm
../Src/timers.c:433:18:xTimerGetTimerDaemonTaskHandle	0	static,ignoring_inline_asm
../Src/timers.c:442:16:xTimerGetPeriod	0	static,ignoring_inline_asm
../Src/timers.c:451:10:vTimerSetReloadMode	16	static,ignoring_inline_asm
../Src/timers.c:472:17:uxTimerGetReloadMode	16	static,ignoring_inline_asm
../Src/timers.c:497:16:xTimerGetExpiryTime	0	static,ignoring_inline_asm
../Src/timers.c:508:18:pcTimerGetName	0	static,ignoring_inline_asm
../Src/timers.c:979:16:xTimerIsTimerActive	16	static,ignoring_inline_asm
../Src/timers.c:1004:12:pvTimerGetTimerID	16	static,ignoring_inline_asm
../Src/timers.c:1021:10:vTimerSetTimerID	16	static,ignoring_inline_asm
