../Src/MCAL/EXTI/EXTI_prg.c:17:6:MEXTI_vInit	4	static
../Src/MCAL/EXTI/EXTI_prg.c:22:6:MEXTI_vEnableInterrupt	16	static
../Src/MCAL/EXTI/EXTI_prg.c:76:6:MEXTI_vDisableInterrupt	16	static
../Src/MCAL/EXTI/EXTI_prg.c:92:6:MEXTI_vGenerateSWInterrupt	16	static
../Src/MCAL/EXTI/EXTI_prg.c:107:6:MEXTI_vChangeSenseCtrl	16	static
../Src/MCAL/EXTI/EXTI_prg.c:142:6:MEXTI_vSetCallBack	16	static
../Src/MCAL/EXTI/EXTI_prg.c:147:6:EXTI0_IRQHandler	8	static
../Src/MCAL/EXTI/EXTI_prg.c:156:6:EXTI1_IRQHandler	8	static
../Src/MCAL/EXTI/EXTI_prg.c:165:6:EXTI2_IRQHandler	8	static
../Src/MCAL/EXTI/EXTI_prg.c:174:6:EXTI3_IRQHandler	8	static
../Src/MCAL/EXTI/EXTI_prg.c:183:6:EXTI4_IRQHandler	8	static
../Src/MCAL/EXTI/EXTI_prg.c:192:6:EXTI5_IRQHandler	8	static
../Src/MCAL/EXTI/EXTI_prg.c:201:6:EXTI6_IRQHandler	8	static
../Src/MCAL/EXTI/EXTI_prg.c:210:6:EXTI7_IRQHandler	8	static
../Src/MCAL/EXTI/EXTI_prg.c:219:6:EXTI8_IRQHandler	8	static
../Src/MCAL/EXTI/EXTI_prg.c:228:6:EXTI9_IRQHandler	8	static
../Src/MCAL/EXTI/EXTI_prg.c:237:6:EXTI10_IRQHandler	8	static
../Src/MCAL/EXTI/EXTI_prg.c:246:6:EXTI11_IRQHandler	8	static
../Src/MCAL/EXTI/EXTI_prg.c:255:6:EXTI12_IRQHandler	8	static
../Src/MCAL/EXTI/EXTI_prg.c:264:6:EXTI13_IRQHandler	8	static
../Src/MCAL/EXTI/EXTI_prg.c:273:6:EXTI14_IRQHandler	8	static
../Src/MCAL/EXTI/EXTI_prg.c:282:6:EXTI15_IRQHandler	8	static
