Archive member included to satisfy reference by file (symbol)

c:/st/stm32cubeide_1.10.1/stm32cubeide/plugins/com.st.stm32cube.ide.mcu.externaltools.gnu-tools-for-stm32.10.3-2021.10.win32_1.0.0.202111181127/tools/bin/../lib/gcc/arm-none-eabi/10.3.1/../../../../arm-none-eabi/lib/thumb/v7e-m+fp/hard\libc_nano.a(lib_a-exit.o)
                              c:/st/stm32cubeide_1.10.1/stm32cubeide/plugins/com.st.stm32cube.ide.mcu.externaltools.gnu-tools-for-stm32.10.3-2021.10.win32_1.0.0.202111181127/tools/bin/../lib/gcc/arm-none-eabi/10.3.1/../../../../arm-none-eabi/lib/thumb/v7e-m+fp/hard/crt0.o (exit)
c:/st/stm32cubeide_1.10.1/stm32cubeide/plugins/com.st.stm32cube.ide.mcu.externaltools.gnu-tools-for-stm32.10.3-2021.10.win32_1.0.0.202111181127/tools/bin/../lib/gcc/arm-none-eabi/10.3.1/../../../../arm-none-eabi/lib/thumb/v7e-m+fp/hard\libc_nano.a(lib_a-impure.o)
                              c:/st/stm32cubeide_1.10.1/stm32cubeide/plugins/com.st.stm32cube.ide.mcu.externaltools.gnu-tools-for-stm32.10.3-2021.10.win32_1.0.0.202111181127/tools/bin/../lib/gcc/arm-none-eabi/10.3.1/../../../../arm-none-eabi/lib/thumb/v7e-m+fp/hard\libc_nano.a(lib_a-exit.o) (_global_impure_ptr)
c:/st/stm32cubeide_1.10.1/stm32cubeide/plugins/com.st.stm32cube.ide.mcu.externaltools.gnu-tools-for-stm32.10.3-2021.10.win32_1.0.0.202111181127/tools/bin/../lib/gcc/arm-none-eabi/10.3.1/../../../../arm-none-eabi/lib/thumb/v7e-m+fp/hard\libc_nano.a(lib_a-init.o)
                              c:/st/stm32cubeide_1.10.1/stm32cubeide/plugins/com.st.stm32cube.ide.mcu.externaltools.gnu-tools-for-stm32.10.3-2021.10.win32_1.0.0.202111181127/tools/bin/../lib/gcc/arm-none-eabi/10.3.1/../../../../arm-none-eabi/lib/thumb/v7e-m+fp/hard/crt0.o (__libc_init_array)
c:/st/stm32cubeide_1.10.1/stm32cubeide/plugins/com.st.stm32cube.ide.mcu.externaltools.gnu-tools-for-stm32.10.3-2021.10.win32_1.0.0.202111181127/tools/bin/../lib/gcc/arm-none-eabi/10.3.1/../../../../arm-none-eabi/lib/thumb/v7e-m+fp/hard\libc_nano.a(lib_a-memcpy-stub.o)
                              ./Src/queue.o (memcpy)
c:/st/stm32cubeide_1.10.1/stm32cubeide/plugins/com.st.stm32cube.ide.mcu.externaltools.gnu-tools-for-stm32.10.3-2021.10.win32_1.0.0.202111181127/tools/bin/../lib/gcc/arm-none-eabi/10.3.1/../../../../arm-none-eabi/lib/thumb/v7e-m+fp/hard\libc_nano.a(lib_a-memset.o)
                              c:/st/stm32cubeide_1.10.1/stm32cubeide/plugins/com.st.stm32cube.ide.mcu.externaltools.gnu-tools-for-stm32.10.3-2021.10.win32_1.0.0.202111181127/tools/bin/../lib/gcc/arm-none-eabi/10.3.1/../../../../arm-none-eabi/lib/thumb/v7e-m+fp/hard/crt0.o (memset)
c:/st/stm32cubeide_1.10.1/stm32cubeide/plugins/com.st.stm32cube.ide.mcu.externaltools.gnu-tools-for-stm32.10.3-2021.10.win32_1.0.0.202111181127/tools/bin/../lib/gcc/arm-none-eabi/10.3.1/../../../../arm-none-eabi/lib/thumb/v7e-m+fp/hard\libnosys.a(_exit.o)
                              c:/st/stm32cubeide_1.10.1/stm32cubeide/plugins/com.st.stm32cube.ide.mcu.externaltools.gnu-tools-for-stm32.10.3-2021.10.win32_1.0.0.202111181127/tools/bin/../lib/gcc/arm-none-eabi/10.3.1/../../../../arm-none-eabi/lib/thumb/v7e-m+fp/hard\libc_nano.a(lib_a-exit.o) (_exit)

Discarded input sections

 .text          0x0000000000000000        0x0 c:/st/stm32cubeide_1.10.1/stm32cubeide/plugins/com.st.stm32cube.ide.mcu.externaltools.gnu-tools-for-stm32.10.3-2021.10.win32_1.0.0.202111181127/tools/bin/../lib/gcc/arm-none-eabi/10.3.1/thumb/v7e-m+fp/hard/crti.o
 .data          0x0000000000000000        0x0 c:/st/stm32cubeide_1.10.1/stm32cubeide/plugins/com.st.stm32cube.ide.mcu.externaltools.gnu-tools-for-stm32.10.3-2021.10.win32_1.0.0.202111181127/tools/bin/../lib/gcc/arm-none-eabi/10.3.1/thumb/v7e-m+fp/hard/crti.o
 .bss           0x0000000000000000        0x0 c:/st/stm32cubeide_1.10.1/stm32cubeide/plugins/com.st.stm32cube.ide.mcu.externaltools.gnu-tools-for-stm32.10.3-2021.10.win32_1.0.0.202111181127/tools/bin/../lib/gcc/arm-none-eabi/10.3.1/thumb/v7e-m+fp/hard/crti.o
 .data          0x0000000000000000        0x4 c:/st/stm32cubeide_1.10.1/stm32cubeide/plugins/com.st.stm32cube.ide.mcu.externaltools.gnu-tools-for-stm32.10.3-2021.10.win32_1.0.0.202111181127/tools/bin/../lib/gcc/arm-none-eabi/10.3.1/thumb/v7e-m+fp/hard/crtbegin.o
 .rodata        0x0000000000000000       0x24 c:/st/stm32cubeide_1.10.1/stm32cubeide/plugins/com.st.stm32cube.ide.mcu.externaltools.gnu-tools-for-stm32.10.3-2021.10.win32_1.0.0.202111181127/tools/bin/../lib/gcc/arm-none-eabi/10.3.1/thumb/v7e-m+fp/hard/crtbegin.o
 .text          0x0000000000000000       0x7c c:/st/stm32cubeide_1.10.1/stm32cubeide/plugins/com.st.stm32cube.ide.mcu.externaltools.gnu-tools-for-stm32.10.3-2021.10.win32_1.0.0.202111181127/tools/bin/../lib/gcc/arm-none-eabi/10.3.1/../../../../arm-none-eabi/lib/thumb/v7e-m+fp/hard/crt0.o
[...]
Memory Configuration

Name             Origin             Length             Attributes
RAM              0x0000000020000000 0x0000000000018000 xrw
FLASH            0x0000000008000000 0x0000000000060000 xr
*default*        0x0000000000000000 0xffffffffffffffff

Linker script and memory map

LOAD c:/st/stm32cubeide_1.10.1/stm32cubeide/plugins/com.st.stm32cube.ide.mcu.externaltools.gnu-tools-for-stm32.10.3-2021.10.win32_1.0.0.202111181127/tools/bin/../lib/gcc/arm-none-eabi/10.3.1/thumb/v7e-m+fp/hard/crti.o
LOAD c:/st/stm32cubeide_1.10.1/stm32cubeide/plugins/com.st.stm32cube.ide.mcu.externaltools.gnu-tools-for-stm32.10.3-2021.10.win32_1.0.0.202111181127/tools/bin/../lib/gcc/arm-none-eabi/10.3.1/thumb/v7e-m+fp/hard/crtbegin.o
LOAD c:/st/stm32cubeide_1.10.1/stm32cubeide/plugins/com.st.stm32cube.ide.mcu.externaltools.gnu-tools-for-stm32.10.3-2021.10.win32_1.0.0.202111181127/tools/bin/../lib/gcc/arm-none-eabi/10.3.1/../../../../arm-none-eabi/lib/thumb/v7e-m+fp/hard/crt0.o
LOAD ./Src/MCAL/DMA/DMA_prg.o
LOAD ./Src/MCAL/EXTI/EXTI_prg.o
LOAD ./Src/MCAL/GPIO/GPIO_prg.o
LOAD ./Src/MCAL/NVIC/NVIC_prg.o
LOAD ./Src/MCAL/RCC/RCC_prg.o
LOAD ./Src/croutine.o
LOAD ./Src/event_groups.o
LOAD ./Src/heap_4.o
LOAD ./Src/list.o
LOAD ./Src/main.o
LOAD ./Src/port.o
LOAD ./Src/queue.o
LOAD ./Src/stream_buffer.o
LOAD ./Src/tasks.o
LOAD ./Src/timers.o
LOAD ./Startup/startup_stm32f401cdux.o
START GROUP
LOAD c:/st/stm32cubeide_1.10.1/stm32cubeide/plugins/com.st.stm32cube.ide.mcu.externaltools.gnu-tools-for-stm32.10.3-2021.10.win32_1.0.0.202111181127/tools/bin/../lib/gcc/arm-none-eabi/10.3.1/../../../../arm-none-eabi/lib/thumb/v7e-m+fp/hard\libc_nano.a
LOAD c:/st/stm32cubeide_1.10.1/stm32cubeide/plugins/com.st.stm32cube.ide.mcu.externaltools.gnu-tools-for-stm32.10.3-2021.10.win32_1.0.0.202111181127/tools/bin/../lib/gcc/arm-none-eabi/10.3.1/../../../../arm-none-eabi/lib/thumb/v7e-m+fp/hard\libm.a
END GROUP
START GROUP
LOAD c:/st/stm32cubeide_1.10.1/stm32cubeide/plugins/com.st.stm32cube.ide.mcu.externaltools.gnu-tools-for-stm32.10.3-2021.10.win32_1.0.0.202111181127/tools/bin/../lib/gcc/arm-none-eabi/10.3.1/thumb/v7e-m+fp/hard\libgcc.a
LOAD c:/st/stm32cubeide_1.10.1/stm32cubeide/plugins/com.st.stm32cube.ide.mcu.externaltools.gnu-tools-for-stm32.10.3-2021.10.win32_1.0.0.202111181127/tools/bin/../lib/gcc/arm-none-eabi/10.3.1/../../../../arm-none-eabi/lib/thumb/v7e-m+fp/hard\libc_nano.a
END GROUP
START GROUP
LOAD c:/st/stm32cubeide_1.10.1/stm32cubeide/plugins/com.st.stm32cube.ide.mcu.externaltools.gnu-tools-for-stm32.10.3-2021.10.win32_1.0.0.202111181127/tools/bin/../lib/gcc/arm-none-eabi/10.3.1/thumb/v7e-m+fp/hard\libgcc.a
LOAD c:/st/stm32cubeide_1.10.1/stm32cubeide/plugins/com.st.stm32cube.ide.mcu.externaltools.gnu-tools-for-stm32.10.3-2021.10.win32_1.0.0.202111181127/tools/bin/../lib/gcc/arm-none-eabi/10.3.1/../../../../arm-none-eabi/lib/thumb/v7e-m+fp/hard\libc_nano.a
LOAD c:/st/stm32cubeide_1.10.1/stm32cubeide/plugins/com.st.stm32cube.ide.mcu.externaltools.gnu-tools-for-stm32.10.3-2021.10.win32_1.0.0.202111181127/tools/bin/../lib/gcc/arm-none-eabi/10.3.1/../../../../arm-none-eabi/lib/thumb/v7e-m+fp/hard\libnosys.a
END GROUP
START GROUP
LOAD c:/st/stm32cubeide_1.10.1/stm32cubeide/plugins/com.st.stm32cube.ide.mcu.externaltools.gnu-tools-for-stm32.10.3-2021.10.win32_1.0.0.202111181127/tools/bin/../lib/gcc/arm-none-eabi/10.3.1/thumb/v7e-m+fp/hard\libgcc.a
LOAD c:/st/stm32cubeide_1.10.1/stm32cubeide/plugins/com.st.stm32cube.ide.mcu.externaltools.gnu-tools-for-stm32.10.3-2021.10.win32_1.0.0.202111181127/tools/bin/../lib/gcc/arm-none-eabi/10.3.1/../../../../arm-none-eabi/lib/thumb/v7e-m+fp/hard\libc_nano.a
LOAD c:/st/stm32cubeide_1.10.1/stm32cubeide/plugins/com.st.stm32cube.ide.mcu.externaltools.gnu-tools-for-stm32.10.3-2021.10.win32_1.0.0.202111181127/tools/bin/../lib/gcc/arm-none-eabi/10.3.1/../../../../arm-none-eabi/lib/thumb/v7e-m+fp/hard\libnosys.a
END GROUP
LOAD c:/st/stm32cubeide_1.10.1/stm32cubeide/plugins/com.st.stm32cube.ide.mcu.externaltools.gnu-tools-for-stm32.10.3-2021.10.win32_1.0.0.202111181127/tools/bin/../lib/gcc/arm-none-eabi/10.3.1/thumb/v7e-m+fp/hard/crtend.o
LOAD c:/st/stm32cubeide_1.10.1/stm32cubeide/plugins/com.st.stm32cube.ide.mcu.externaltools.gnu-tools-for-stm32.10.3-2021.10.win32_1.0.0.202111181127/tools/bin/../lib/gcc/arm-none-eabi/10.3.1/thumb/v7e-m+fp/hard/crtn.o
                0x0000000020018000                _estack = (ORIGIN (RAM) + LENGTH (RAM))
                0x0000000000000200                _Min_Heap_Size = 0x200
                0x0000000000000400                _Min_Stack_Size = 0x400

.isr_vector     0x0000000008000000      0x194
                0x0000000008000000                . = ALIGN (0x4)
 *(.isr_vector)
 .isr_vector    0x0000000008000000      0x194 ./Startup/startup_stm32f401cdux.o
                0x0000000008000000                g_pfnVectors
                0x0000000008000194                . = ALIGN (0x4)

.text           0x00000000080001a0     0x3358
                0x00000000080001a0                . = ALIGN (0x4)
 *(.text)
 .text          0x00000000080001a0       0x40 c:/st/stm32cubeide_1.10.1/stm32cubeide/plugins/com.st.stm32cube.ide.mcu.externaltools.gnu-tools-for-stm32.10.3-2021.10.win32_1.0.0.202111181127/tools/bin/../lib/gcc/arm-none-eabi/10.3.1/thumb/v7e-m+fp/hard/crtbegin.o
 *(.text*)
 .text.EXTI0_IRQHandler
                0x00000000080001e0       0x2c ./Src/MCAL/EXTI/EXTI_prg.o
                0x00000000080001e0                EXTI0_IRQHandler
 .text.EXTI1_IRQHandler
                0x000000000800020c       0x2c ./Src/MCAL/EXTI/EXTI_prg.o
                0x000000000800020c                EXTI1_IRQHandler
 .text.EXTI2_IRQHandler
                0x0000000008000238       0x2c ./Src/MCAL/EXTI/EXTI_prg.o
                0x0000000008000238                EXTI2_IRQHandler
 .text.EXTI3_IRQHandler
                0x0000000008000264       0x2c ./Src/MCAL/EXTI/EXTI_prg.o
                0x0000000008000264                EXTI3_IRQHandler
 .text.EXTI4_IRQHandler
                0x0000000008000290       0x2c ./Src/MCAL/EXTI/EXTI_prg.o
                0x0000000008000290                EXTI4_IRQHandler
 .text.MGPIO_vSetPinMode
                0x00000000080002bc       0xd0 ./Src/MCAL/GPIO/GPIO_prg.o
                0x00000000080002bc                MGPIO_vSetPinMode
 .text.MGPIO_vSetPinOutputType
                0x000000000800038c       0xe4 ./Src/MCAL/GPIO/GPIO_prg.o
                0x000000000800038c                MGPIO_vSetPinOutputType
 .text.MGPIO_vSetPinOutputSpeed
                0x0000000008000470       0xd0 ./Src/MCAL/GPIO/GPIO_prg.o
                0x0000000008000470                MGPIO_vSetPinOutputSpeed
 .text.MGPIO_vSetPinInputPull
                0x0000000008000540       0xd0 ./Src/MCAL/GPIO/GPIO_prg.o
                0x0000000008000540                MGPIO_vSetPinInputPull
 .text.MGPIO_vTogPinVal
                0x0000000008000610       0x80 ./Src/MCAL/GPIO/GPIO_prg.o
                0x0000000008000610                MGPIO_vTogPinVal
 .text.MGPIO_vInit
                0x0000000008000690       0x58 ./Src/MCAL/GPIO/GPIO_prg.o
                0x0000000008000690                MGPIO_vInit
 .text.MRCC_vInit
                0x00000000080006e8       0x58 ./Src/MCAL/RCC/RCC_prg.o
                0x00000000080006e8                MRCC_vInit
 .text.MRCC_vEnableClock
                0x0000000008000740       0x94 ./Src/MCAL/RCC/RCC_prg.o
                0x0000000008000740                MRCC_vEnableClock
 .text.pvPortMalloc
                0x00000000080007d4      0x1c0 ./Src/heap_4.o
                0x00000000080007d4                pvPortMalloc
 .text.vPortFree
                0x0000000008000994       0xc4 ./Src/heap_4.o
                0x0000000008000994                vPortFree
 .text.prvHeapInit
                0x0000000008000a58       0xc4 ./Src/heap_4.o
 .text.prvInsertBlockIntoFreeList
                0x0000000008000b1c       0xb4 ./Src/heap_4.o
 .text.vListInitialise
                0x0000000008000bd0       0x40 ./Src/list.o
                0x0000000008000bd0                vListInitialise
 .text.vListInitialiseItem
                0x0000000008000c10       0x1a ./Src/list.o
                0x0000000008000c10                vListInitialiseItem
 .text.vListInsert
                0x0000000008000c2a       0x72 ./Src/list.o
                0x0000000008000c2a                vListInsert
 .text.uxListRemove
                0x0000000008000c9c       0x54 ./Src/list.o
                0x0000000008000c9c                uxListRemove
 .text.Task_LEDRED
                0x0000000008000cf0       0x4c ./Src/main.o
                0x0000000008000cf0                Task_LEDRED
 .text.Task_LEDBLUE
                0x0000000008000d3c       0x4c ./Src/main.o
                0x0000000008000d3c                Task_LEDBLUE
 .text.main     0x0000000008000d88       0x9c ./Src/main.o
                0x0000000008000d88                main
 .text.pxPortInitialiseStack
                0x0000000008000e24       0x68 ./Src/port.o
                0x0000000008000e24                pxPortInitialiseStack
 .text.prvTaskExitError
                0x0000000008000e8c       0x58 ./Src/port.o
 *fill*         0x0000000008000ee4        0xc 
 .text.SVC_Handler
                0x0000000008000ef0       0x28 ./Src/port.o
                0x0000000008000ef0                SVC_Handler
 .text.prvPortStartFirstTask
                0x0000000008000f18       0x2c ./Src/port.o
 .text.xPortStartScheduler
                0x0000000008000f44      0x144 ./Src/port.o
                0x0000000008000f44                xPortStartScheduler
 .text.vPortEnterCritical
                0x0000000008001088       0x60 ./Src/port.o
                0x0000000008001088                vPortEnterCritical
 .text.vPortExitCritical
                0x00000000080010e8       0x54 ./Src/port.o
                0x00000000080010e8                vPortExitCritical
 *fill*         0x000000000800113c        0x4 
 .text.PendSV_Handler
                0x0000000008001140       0x68 ./Src/port.o
                0x0000000008001140                PendSV_Handler
 .text.SysTick_Handler
                0x00000000080011a8       0x44 ./Src/port.o
                0x00000000080011a8                SysTick_Handler
 .text.vPortSetupTimerInterrupt
                0x00000000080011ec       0x34 ./Src/port.o
                0x00000000080011ec                vPortSetupTimerInterrupt
 .text.vPortEnableVFP
                0x0000000008001220       0x18 ./Src/port.o
 .text.xQueueGenericReset
                0x0000000008001238      0x120 ./Src/queue.o
                0x0000000008001238                xQueueGenericReset
 .text.xQueueGenericCreate
                0x0000000008001358       0x9c ./Src/queue.o
                0x0000000008001358                xQueueGenericCreate
 .text.prvInitialiseNewQueue
                0x00000000080013f4       0x3e ./Src/queue.o
 *fill*         0x0000000008001432        0x2 
 .text.xQueueGenericSend
                0x0000000008001434      0x1fc ./Src/queue.o
                0x0000000008001434                xQueueGenericSend
 .text.xQueueReceive
                0x0000000008001630      0x1c0 ./Src/queue.o
                0x0000000008001630                xQueueReceive
 .text.xQueueSemaphoreTake
                0x00000000080017f0      0x218 ./Src/queue.o
                0x00000000080017f0                xQueueSemaphoreTake
 .text.prvGetDisinheritPriorityAfterTimeout
                0x0000000008001a08       0x30 ./Src/queue.o
 .text.prvCopyDataToQueue
                0x0000000008001a38       0xd4 ./Src/queue.o
 .text.prvCopyDataFromQueue
                0x0000000008001b0c       0x4c ./Src/queue.o
 .text.prvUnlockQueue
                0x0000000008001b58       0xa4 ./Src/queue.o
 .text.prvIsQueueEmpty
                0x0000000008001bfc       0x2c ./Src/queue.o
 .text.prvIsQueueFull
                0x0000000008001c28       0x30 ./Src/queue.o
 .text.vQueueWaitForMessageRestricted
                0x0000000008001c58       0x68 ./Src/queue.o
                0x0000000008001c58                vQueueWaitForMessageRestricted
 .text.xTaskCreate
                0x0000000008001cc0       0x82 ./Src/tasks.o
                0x0000000008001cc0                xTaskCreate
 .text.prvInitialiseNewTask
                0x0000000008001d42      0x138 ./Src/tasks.o
 *fill*         0x0000000008001e7a        0x2 
 .text.prvAddNewTaskToReadyList
                0x0000000008001e7c      0x124 ./Src/tasks.o
 .text.vTaskDelay
                0x0000000008001fa0       0x68 ./Src/tasks.o
                0x0000000008001fa0                vTaskDelay
 .text.vTaskStartScheduler
                0x0000000008002008       0xa4 ./Src/tasks.o
                0x0000000008002008                vTaskStartScheduler
 .text.vTaskSuspendAll
                0x00000000080020ac       0x1c ./Src/tasks.o
                0x00000000080020ac                vTaskSuspendAll
 .text.xTaskResumeAll
                0x00000000080020c8      0x1f8 ./Src/tasks.o
                0x00000000080020c8                xTaskResumeAll
 .text.xTaskGetTickCount
                0x00000000080022c0       0x20 ./Src/tasks.o
                0x00000000080022c0                xTaskGetTickCount
 .text.xTaskIncrementTick
                0x00000000080022e0      0x22c ./Src/tasks.o
                0x00000000080022e0                xTaskIncrementTick
 .text.vTaskSwitchContext
                0x000000000800250c       0xb8 ./Src/tasks.o
                0x000000000800250c                vTaskSwitchContext
 .text.vTaskPlaceOnEventList
                0x00000000080025c4       0x48 ./Src/tasks.o
                0x00000000080025c4                vTaskPlaceOnEventList
 .text.vTaskPlaceOnEventListRestricted
                0x000000000800260c       0x8c ./Src/tasks.o
                0x000000000800260c                vTaskPlaceOnEventListRestricted
 .text.xTaskRemoveFromEventList
                0x0000000008002698      0x1ac ./Src/tasks.o
                0x0000000008002698                xTaskRemoveFromEventList
 .text.vTaskInternalSetTimeOutState
                0x0000000008002844       0x2c ./Src/tasks.o
                0x0000000008002844                vTaskInternalSetTimeOutState
 .text.xTaskCheckForTimeOut
                0x0000000008002870       0xbc ./Src/tasks.o
                0x0000000008002870                xTaskCheckForTimeOut
 .text.vTaskMissedYield
                0x000000000800292c       0x18 ./Src/tasks.o
                0x000000000800292c                vTaskMissedYield
 .text.prvIdleTask
                0x0000000008002944       0x30 ./Src/tasks.o
 .text.prvInitialiseTaskLists
                0x0000000008002974       0x6c ./Src/tasks.o
 .text.prvCheckTasksWaitingTermination
                0x00000000080029e0        0xe ./Src/tasks.o
 *fill*         0x00000000080029ee        0x2 
 .text.prvResetNextTaskUnblockTime
                0x00000000080029f0       0x38 ./Src/tasks.o
 .text.xTaskGetSchedulerState
                0x0000000008002a28       0x3c ./Src/tasks.o
                0x0000000008002a28                xTaskGetSchedulerState
 .text.xTaskPriorityInherit
                0x0000000008002a64      0x13c ./Src/tasks.o
                0x0000000008002a64                xTaskPriorityInherit
 .text.xTaskPriorityDisinherit
                0x0000000008002ba0      0x148 ./Src/tasks.o
                0x0000000008002ba0                xTaskPriorityDisinherit
 .text.vTaskPriorityDisinheritAfterTimeout
                0x0000000008002ce8      0x170 ./Src/tasks.o
                0x0000000008002ce8                vTaskPriorityDisinheritAfterTimeout
 .text.pvTaskIncrementMutexHeldCount
                0x0000000008002e58       0x28 ./Src/tasks.o
                0x0000000008002e58                pvTaskIncrementMutexHeldCount
 .text.prvAddCurrentTaskToDelayedList
                0x0000000008002e80       0xa8 ./Src/tasks.o
 .text.xTimerCreateTimerTask
                0x0000000008002f28       0x64 ./Src/timers.o
                0x0000000008002f28                xTimerCreateTimerTask
 .text.prvReloadTimer
                0x0000000008002f8c       0x42 ./Src/timers.o
 *fill*         0x0000000008002fce        0x2 
 .text.prvProcessExpiredTimer
                0x0000000008002fd0       0x60 ./Src/timers.o
 .text.prvTimerTask
                0x0000000008003030       0x24 ./Src/timers.o
 .text.prvProcessTimerOrBlockTask
                0x0000000008003054       0x9c ./Src/timers.o
 .text.prvGetNextExpireTime
                0x00000000080030f0       0x48 ./Src/timers.o
 .text.prvSampleTimeNow
                0x0000000008003138       0x40 ./Src/timers.o
 .text.prvInsertTimerInActiveList
                0x0000000008003178       0x84 ./Src/timers.o
 .text.prvProcessReceivedCommands
                0x00000000080031fc      0x17c ./Src/timers.o
 .text.prvSwitchTimerLists
                0x0000000008003378       0x4c ./Src/timers.o
 .text.prvCheckForValidListAndQueue
                0x00000000080033c4       0x54 ./Src/timers.o
 .text.Reset_Handler
                0x0000000008003418       0x50 ./Startup/startup_stm32f401cdux.o
                0x0000000008003418                Reset_Handler
 .text.Default_Handler
                0x0000000008003468        0x2 ./Startup/startup_stm32f401cdux.o
                0x0000000008003468                DebugMon_Handler
                0x0000000008003468                SPI4_IRQHandler
                0x0000000008003468                TIM1_CC_IRQHandler
                0x0000000008003468                HardFault_Handler
                0x0000000008003468                SDIO_IRQHandler
                0x0000000008003468                TAMP_STAMP_IRQHandler
                0x0000000008003468                NMI_Handler
                0x0000000008003468                TIM1_UP_TIM10_IRQHandler
                0x0000000008003468                I2C3_ER_IRQHandler
                0x0000000008003468                EXTI18_OTG_FS_WKUP_IRQHandler
                0x0000000008003468                I2C2_EV_IRQHandler
                0x0000000008003468                FPU_IRQHandler
                0x0000000008003468                UsageFault_Handler
                0x0000000008003468                SPI1_IRQHandler
                0x0000000008003468                TIM1_BRK_TIM9_IRQHandler
                0x0000000008003468                USART6_IRQHandler
                0x0000000008003468                TIM4_IRQHandler
                0x0000000008003468                I2C1_EV_IRQHandler
                0x0000000008003468                TIM3_IRQHandler
                0x0000000008003468                RCC_IRQHandler
                0x0000000008003468                Default_Handler
                0x0000000008003468                EXTI15_10_IRQHandler
                0x0000000008003468                ADC_IRQHandler
                0x0000000008003468                TIM5_IRQHandler
                0x0000000008003468                I2C3_EV_IRQHandler
                0x0000000008003468                EXTI9_5_IRQHandler
                0x0000000008003468                SPI2_IRQHandler
                0x0000000008003468                MemManage_Handler
                0x0000000008003468                EXTI22_RTC_WKUP_IRQHandler
                0x0000000008003468                TIM2_IRQHandler
                0x0000000008003468                EXTI16_PVD_IRQHandler
                0x0000000008003468                TIM1_TRG_COM_TIM11_IRQHandler
                0x0000000008003468                EXTI17_RTC_Alarm_IRQHandler
                0x0000000008003468                USART2_IRQHandler
                0x0000000008003468                I2C2_ER_IRQHandler
                0x0000000008003468                FLASH_IRQHandler
                0x0000000008003468                BusFault_Handler
                0x0000000008003468                USART1_IRQHandler
                0x0000000008003468                OTG_FS_IRQHandler
                0x0000000008003468                SPI3_IRQHandler
                0x0000000008003468                I2C1_ER_IRQHandler
 *fill*         0x000000000800346a        0x2 
 .text.__libc_init_array
                0x000000000800346c       0x48 c:/st/stm32cubeide_1.10.1/stm32cubeide/plugins/com.st.stm32cube.ide.mcu.externaltools.gnu-tools-for-stm32.10.3-2021.10.win32_1.0.0.202111181127/tools/bin/../lib/gcc/arm-none-eabi/10.3.1/../../../../arm-none-eabi/lib/thumb/v7e-m+fp/hard\libc_nano.a(lib_a-init.o)
                0x000000000800346c                __libc_init_array
 .text.memcpy   0x00000000080034b4       0x1c c:/st/stm32cubeide_1.10.1/stm32cubeide/plugins/com.st.stm32cube.ide.mcu.externaltools.gnu-tools-for-stm32.10.3-2021.10.win32_1.0.0.202111181127/tools/bin/../lib/gcc/arm-none-eabi/10.3.1/../../../../arm-none-eabi/lib/thumb/v7e-m+fp/hard\libc_nano.a(lib_a-memcpy-stub.o)
                0x00000000080034b4                memcpy
 .text.memset   0x00000000080034d0       0x10 c:/st/stm32cubeide_1.10.1/stm32cubeide/plugins/com.st.stm32cube.ide.mcu.externaltools.gnu-tools-for-stm32.10.3-2021.10.win32_1.0.0.202111181127/tools/bin/../lib/gcc/arm-none-eabi/10.3.1/../../../../arm-none-eabi/lib/thumb/v7e-m+fp/hard\libc_nano.a(lib_a-memset.o)
                0x00000000080034d0                memset
 *(.glue_7)
 .glue_7        0x00000000080034e0        0x0 linker stubs
 *(.glue_7t)
 .glue_7t       0x00000000080034e0        0x0 linker stubs
 *(.eh_frame)
 .eh_frame      0x00000000080034e0        0x0 c:/st/stm32cubeide_1.10.1/stm32cubeide/plugins/com.st.stm32cube.ide.mcu.externaltools.gnu-tools-for-stm32.10.3-2021.10.win32_1.0.0.202111181127/tools/bin/../lib/gcc/arm-none-eabi/10.3.1/thumb/v7e-m+fp/hard/crtbegin.o
 *(.init)
 .init          0x00000000080034e0        0x4 c:/st/stm32cubeide_1.10.1/stm32cubeide/plugins/com.st.stm32cube.ide.mcu.externaltools.gnu-tools-for-stm32.10.3-2021.10.win32_1.0.0.202111181127/tools/bin/../lib/gcc/arm-none-eabi/10.3.1/thumb/v7e-m+fp/hard/crti.o
                0x00000000080034e0                _init
 .init          0x00000000080034e4        0x8 c:/st/stm32cubeide_1.10.1/stm32cubeide/plugins/com.st.stm32cube.ide.mcu.externaltools.gnu-tools-for-stm32.10.3-2021.10.win32_1.0.0.202111181127/tools/bin/../lib/gcc/arm-none-eabi/10.3.1/thumb/v7e-m+fp/hard/crtn.o
 *(.fini)
 .fini          0x00000000080034ec        0x4 c:/st/stm32cubeide_1.10.1/stm32cubeide/plugins/com.st.stm32cube.ide.mcu.externaltools.gnu-tools-for-stm32.10.3-2021.10.win32_1.0.0.202111181127/tools/bin/../lib/gcc/arm-none-eabi/10.3.1/thumb/v7e-m+fp/hard/crti.o
                0x00000000080034ec                _fini
 .fini          0x00000000080034f0        0x8 c:/st/stm32cubeide_1.10.1/stm32cubeide/plugins/com.st.stm32cube.ide.mcu.externaltools.gnu-tools-for-stm32.10.3-2021.10.win32_1.0.0.202111181127/tools/bin/../lib/gcc/arm-none-eabi/10.3.1/thumb/v7e-m+fp/hard/crtn.o
                0x00000000080034f8                . = ALIGN (0x4)
                0x00000000080034f8                _etext = .

.vfp11_veneer   0x00000000080034f8        0x0
 .vfp11_veneer  0x00000000080034f8        0x0 linker stubs

.v4_bx          0x00000000080034f8        0x0
 .v4_bx         0x00000000080034f8        0x0 linker stubs

.iplt           0x00000000080034f8        0x0
 .iplt          0x00000000080034f8        0x0 c:/st/stm32cubeide_1.10.1/stm32cubeide/plugins/com.st.stm32cube.ide.mcu.externaltools.gnu-tools-for-stm32.10.3-2021.10.win32_1.0.0.202111181127/tools/bin/../lib/gcc/arm-none-eabi/10.3.1/thumb/v7e-m+fp/hard/crtbegin.o

.rodata         0x00000000080034f8       0x10
                0x00000000080034f8                . = ALIGN (0x4)
 *(.rodata)
 .rodata        0x00000000080034f8        0x5 ./Src/tasks.o
 *fill*         0x00000000080034fd        0x3 
 .rodata        0x0000000008003500        0x8 ./Src/timers.o
 *(.rodata*)
                0x0000000008003508                . = ALIGN (0x4)

.rel.dyn        0x0000000008003508        0x0
 .rel.iplt      0x0000000008003508        0x0 c:/st/stm32cubeide_1.10.1/stm32cubeide/plugins/com.st.stm32cube.ide.mcu.externaltools.gnu-tools-for-stm32.10.3-2021.10.win32_1.0.0.202111181127/tools/bin/../lib/gcc/arm-none-eabi/10.3.1/thumb/v7e-m+fp/hard/crtbegin.o

.ARM.extab      0x0000000008003508        0x0
                0x0000000008003508                . = ALIGN (0x4)
 *(.ARM.extab* .gnu.linkonce.armextab.*)
                0x0000000008003508                . = ALIGN (0x4)

.ARM            0x0000000008003508        0x0
                0x0000000008003508                . = ALIGN (0x4)
                0x0000000008003508                __exidx_start = .
 *(.ARM.exidx*)
                0x0000000008003508                __exidx_end = .
                0x0000000008003508                . = ALIGN (0x4)

.preinit_array  0x0000000008003508        0x0
                0x0000000008003508                . = ALIGN (0x4)
                0x0000000008003508                PROVIDE (__preinit_array_start = .)
 *(.preinit_array*)
                0x0000000008003508                PROVIDE (__preinit_array_end = .)
                0x0000000008003508                . = ALIGN (0x4)

.init_array     0x0000000008003508        0x4
                0x0000000008003508                . = ALIGN (0x4)
                0x0000000008003508                PROVIDE (__init_array_start = .)
 *(SORT_BY_NAME(.init_array.*))
 *(.init_array*)
 .init_array    0x0000000008003508        0x4 c:/st/stm32cubeide_1.10.1/stm32cubeide/plugins/com.st.stm32cube.ide.mcu.externaltools.gnu-tools-for-stm32.10.3-2021.10.win32_1.0.0.202111181127/tools/bin/../lib/gcc/arm-none-eabi/10.3.1/thumb/v7e-m+fp/hard/crtbegin.o
                0x000000000800350c                PROVIDE (__init_array_end = .)
                0x000000000800350c                . = ALIGN (0x4)

.fini_array     0x000000000800350c        0x4
                0x000000000800350c                . = ALIGN (0x4)
                [!provide]                        PROVIDE (__fini_array_start = .)
 *(SORT_BY_NAME(.fini_array.*))
 *(.fini_array*)
 .fini_array    0x000000000800350c        0x4 c:/st/stm32cubeide_1.10.1/stm32cubeide/plugins/com.st.stm32cube.ide.mcu.externaltools.gnu-tools-for-stm32.10.3-2021.10.win32_1.0.0.202111181127/tools/bin/../lib/gcc/arm-none-eabi/10.3.1/thumb/v7e-m+fp/hard/crtbegin.o
                [!provide]                        PROVIDE (__fini_array_end = .)
                0x0000000008003510                . = ALIGN (0x4)
                0x0000000008003510                _sidata = LOADADDR (.data)

.data           0x0000000020000000       0x18 load address 0x0000000008003510
                0x0000000020000000                . = ALIGN (0x4)
                0x0000000020000000                _sdata = .
 *(.data)
 *(.data*)
 .data.pin_arr  0x0000000020000000        0xe ./Src/main.o
                0x0000000020000000                pin_arr
 *fill*         0x000000002000000e        0x2 
 .data.uxCriticalNesting
                0x0000000020000010        0x4 ./Src/port.o
 .data.uxTopUsedPriority
                0x0000000020000014        0x4 ./Src/tasks.o
                0x0000000020000014                uxTopUsedPriority
 *(.RamFunc)
 *(.RamFunc*)
                0x0000000020000018                . = ALIGN (0x4)
                0x0000000020000018                _edata = .

.igot.plt       0x0000000020000018        0x0 load address 0x0000000008003528
 .igot.plt      0x0000000020000018        0x0 c:/st/stm32cubeide_1.10.1/stm32cubeide/plugins/com.st.stm32cube.ide.mcu.externaltools.gnu-tools-for-stm32.10.3-2021.10.win32_1.0.0.202111181127/tools/bin/../lib/gcc/arm-none-eabi/10.3.1/thumb/v7e-m+fp/hard/crtbegin.o
                0x0000000020000018                . = ALIGN (0x4)

.bss            0x0000000020000018     0x51a0 load address 0x0000000008003528
                0x0000000020000018                _sbss = .
                0x0000000020000018                __bss_start__ = _sbss
 *(.bss)
 .bss           0x0000000020000018       0x1c c:/st/stm32cubeide_1.10.1/stm32cubeide/plugins/com.st.stm32cube.ide.mcu.externaltools.gnu-tools-for-stm32.10.3-2021.10.win32_1.0.0.202111181127/tools/bin/../lib/gcc/arm-none-eabi/10.3.1/thumb/v7e-m+fp/hard/crtbegin.o
 *(.bss*)
 .bss.GS_fpEXTI_SetCallBack
                0x0000000020000034       0x40 ./Src/MCAL/EXTI/EXTI_prg.o
 .bss.ucHeap    0x0000000020000074     0x5000 ./Src/heap_4.o
 .bss.xStart    0x0000000020005074        0x8 ./Src/heap_4.o
 .bss.pxEnd     0x000000002000507c        0x4 ./Src/heap_4.o
 .bss.xFreeBytesRemaining
                0x0000000020005080        0x4 ./Src/heap_4.o
 .bss.xMinimumEverFreeBytesRemaining
                0x0000000020005084        0x4 ./Src/heap_4.o
 .bss.xNumberOfSuccessfulAllocations
                0x0000000020005088        0x4 ./Src/heap_4.o
 .bss.xNumberOfSuccessfulFrees
                0x000000002000508c        0x4 ./Src/heap_4.o
 .bss.xBlockAllocatedBit
                0x0000000020005090        0x4 ./Src/heap_4.o
 .bss.rgbSem    0x0000000020005094        0x4 ./Src/main.o
                0x0000000020005094                rgbSem
 .bss.rgbSem_Status
                0x0000000020005098        0x4 ./Src/main.o
                0x0000000020005098                rgbSem_Status
 .bss.ucMaxSysCallPriority
                0x000000002000509c        0x1 ./Src/port.o
 *fill*         0x000000002000509d        0x3 
 .bss.ulMaxPRIGROUPValue
                0x00000000200050a0        0x4 ./Src/port.o
 .bss.pxCurrentTCB
                0x00000000200050a4        0x4 ./Src/tasks.o
                0x00000000200050a4                pxCurrentTCB
 .bss.pxReadyTasksLists
                0x00000000200050a8       0x64 ./Src/tasks.o
 .bss.xDelayedTaskList1
                0x000000002000510c       0x14 ./Src/tasks.o
 .bss.xDelayedTaskList2
                0x0000000020005120       0x14 ./Src/tasks.o
 .bss.pxDelayedTaskList
                0x0000000020005134        0x4 ./Src/tasks.o
 .bss.pxOverflowDelayedTaskList
                0x0000000020005138        0x4 ./Src/tasks.o
 .bss.xPendingReadyList
                0x000000002000513c       0x14 ./Src/tasks.o
 .bss.uxCurrentNumberOfTasks
                0x0000000020005150        0x4 ./Src/tasks.o
 .bss.xTickCount
                0x0000000020005154        0x4 ./Src/tasks.o
 .bss.uxTopReadyPriority
                0x0000000020005158        0x4 ./Src/tasks.o
 .bss.xSchedulerRunning
                0x000000002000515c        0x4 ./Src/tasks.o
 .bss.xPendedTicks
                0x0000000020005160        0x4 ./Src/tasks.o
 .bss.xYieldPending
                0x0000000020005164        0x4 ./Src/tasks.o
 .bss.xNumOfOverflows
                0x0000000020005168        0x4 ./Src/tasks.o
 .bss.uxTaskNumber
                0x000000002000516c        0x4 ./Src/tasks.o
 .bss.xNextTaskUnblockTime
                0x0000000020005170        0x4 ./Src/tasks.o
 .bss.xIdleTaskHandle
                0x0000000020005174        0x4 ./Src/tasks.o
 .bss.uxSchedulerSuspended
                0x0000000020005178        0x4 ./Src/tasks.o
 .bss.xActiveTimerList1
                0x000000002000517c       0x14 ./Src/timers.o
 .bss.xActiveTimerList2
                0x0000000020005190       0x14 ./Src/timers.o
 .bss.pxCurrentTimerList
                0x00000000200051a4        0x4 ./Src/timers.o
 .bss.pxOverflowTimerList
                0x00000000200051a8        0x4 ./Src/timers.o
 .bss.xTimerQueue
                0x00000000200051ac        0x4 ./Src/timers.o
 .bss.xTimerTaskHandle
                0x00000000200051b0        0x4 ./Src/timers.o
 .bss.xLastTime.0
                0x00000000200051b4        0x4 ./Src/timers.o
 *(COMMON)
                0x00000000200051b8                . = ALIGN (0x4)
                0x00000000200051b8                _ebss = .
                0x00000000200051b8                __bss_end__ = _ebss

._user_heap_stack
                0x00000000200051b8      0x600 load address 0x0000000008003528
                0x00000000200051b8                . = ALIGN (0x8)
                [!provide]                        PROVIDE (end = .)
                [!provide]                        PROVIDE (_end = .)
                0x00000000200053b8                . = (. + _Min_Heap_Size)
 *fill*         0x00000000200051b8      0x200 
                0x00000000200057b8                . = (. + _Min_Stack_Size)
 *fill*         0x00000000200053b8      0x400 
                0x00000000200057b8                . = ALIGN (0x8)

/DISCARD/
 libc.a(*)
 libm.a(*)
 libgcc.a(*)

.ARM.attributes
                0x0000000000000000       0x30
 *(.ARM.attributes)
 .ARM.attributes
                0x0000000000000000       0x1e c:/st/stm32cubeide_1.10.1/stm32cubeide/plugins/com.st.stm32cube.ide.mcu.externaltools.gnu-tools-for-stm32.10.3-2021.10.win32_1.0.0.202111181127/tools/bin/../lib/gcc/arm-none-eabi/10.3.1/thumb/v7e-m+fp/hard/crti.o
 .ARM.attributes
                0x000000000000001e       0x34 c:/st/stm32cubeide_1.10.1/stm32cubeide/plugins/com.st.stm32cube.ide.mcu.externaltools.gnu-tools-for-stm32.10.3-2021.10.win32_1.0.0.202111181127/tools/bin/../lib/gcc/arm-none-eabi/10.3.1/thumb/v7e-m+fp/hard/crtbegin.o
 .ARM.attributes
                0x0000000000000052       0x34 ./Src/MCAL/EXTI/EXTI_prg.o
 .ARM.attributes
                0x0000000000000086       0x34 ./Src/MCAL/GPIO/GPIO_prg.o
 .ARM.attributes
                0x00000000000000ba       0x34 ./Src/MCAL/RCC/RCC_prg.o
 .ARM.attributes
                0x00000000000000ee       0x34 ./Src/heap_4.o
 .ARM.attributes
                0x0000000000000122       0x34 ./Src/list.o
 .ARM.attributes
                0x0000000000000156       0x34 ./Src/main.o
 .ARM.attributes
                0x000000000000018a       0x34 ./Src/port.o
 .ARM.attributes
                0x00000000000001be       0x34 ./Src/queue.o
 .ARM.attributes
                0x00000000000001f2       0x34 ./Src/tasks.o
 .ARM.attributes
                0x0000000000000226       0x34 ./Src/timers.o
 .ARM.attributes
                0x000000000000025a       0x21 ./Startup/startup_stm32f401cdux.o
 .ARM.attributes
                0x000000000000027b       0x34 c:/st/stm32cubeide_1.10.1/stm32cubeide/plugins/com.st.stm32cube.ide.mcu.externaltools.gnu-tools-for-stm32.10.3-2021.10.win32_1.0.0.202111181127/tools/bin/../lib/gcc/arm-none-eabi/10.3.1/../../../../arm-none-eabi/lib/thumb/v7e-m+fp/hard\libc_nano.a(lib_a-init.o)
 .ARM.attributes
                0x00000000000002af       0x34 c:/st/stm32cubeide_1.10.1/stm32cubeide/plugins/com.st.stm32cube.ide.mcu.externaltools.gnu-tools-for-stm32.10.3-2021.10.win32_1.0.0.202111181127/tools/bin/../lib/gcc/arm-none-eabi/10.3.1/../../../../arm-none-eabi/lib/thumb/v7e-m+fp/hard\libc_nano.a(lib_a-memcpy-stub.o)
 .ARM.attributes
                0x00000000000002e3       0x34 c:/st/stm32cubeide_1.10.1/stm32cubeide/plugins/com.st.stm32cube.ide.mcu.externaltools.gnu-tools-for-stm32.10.3-2021.10.win32_1.0.0.202111181127/tools/bin/../lib/gcc/arm-none-eabi/10.3.1/../../../../arm-none-eabi/lib/thumb/v7e-m+fp/hard\libc_nano.a(lib_a-memset.o)
 .ARM.attributes
                0x0000000000000317       0x1e c:/st/stm32cubeide_1.10.1/stm32cubeide/plugins/com.st.stm32cube.ide.mcu.externaltools.gnu-tools-for-stm32.10.3-2021.10.win32_1.0.0.202111181127/tools/bin/../lib/gcc/arm-none-eabi/10.3.1/thumb/v7e-m+fp/hard/crtn.o
OUTPUT(07-FreeRTOS.elf elf32-littlearm)
LOAD linker stubs
LOAD c:/st/stm32cubeide_1.10.1/stm32cubeide/plugins/com.st.stm32cube.ide.mcu.externaltools.gnu-tools-for-stm32.10.3-2021.10.win32_1.0.0.202111181127/tools/bin/../lib/gcc/arm-none-eabi/10.3.1/../../../../arm-none-eabi/lib/thumb/v7e-m+fp/hard\libc.a
LOAD c:/st/stm32cubeide_1.10.1/stm32cubeide/plugins/com.st.stm32cube.ide.mcu.externaltools.gnu-tools-for-stm32.10.3-2021.10.win32_1.0.0.202111181127/tools/bin/../lib/gcc/arm-none-eabi/10.3.1/../../../../arm-none-eabi/lib/thumb/v7e-m+fp/hard\libm.a
LOAD c:/st/stm32cubeide_1.10.1/stm32cubeide/plugins/com.st.stm32cube.ide.mcu.externaltools.gnu-tools-for-stm32.10.3-2021.10.win32_1.0.0.202111181127/tools/bin/../lib/gcc/arm-none-eabi/10.3.1/thumb/v7e-m+fp/hard\libgcc.a

.debug_info     0x0000000000000000     0x5bb9
 .debug_info    0x0000000000000000      0x412 ./Src/MCAL/EXTI/EXTI_prg.o
 .debug_info    0x0000000000000412      0x402 ./Src/MCAL/GPIO/GPIO_prg.o
 .debug_info    0x0000000000000814      0x2e1 ./Src/MCAL/RCC/RCC_prg.o
 .debug_info    0x0000000000000af5      0x50b ./Src/heap_4.o
 .debug_info    0x0000000000001000      0x2d1 ./Src/list.o
 .debug_info    0x00000000000012d1      0x44a ./Src/main.o
 .debug_info    0x000000000000171b      0x4fb ./Src/port.o
 .debug_info    0x0000000000001c16     0x1593 ./Src/queue.o
 .debug_info    0x00000000000031a9     0x1bf4 ./Src/tasks.o
 .debug_info    0x0000000000004d9d      0xdfa ./Src/timers.o
 .debug_info    0x0000000000005b97       0x22 ./Startup/startup_stm32f401cdux.o

.debug_abbrev   0x0000000000000000     0x12d0
 .debug_abbrev  0x0000000000000000      0x13b ./Src/MCAL/EXTI/EXTI_prg.o
 .debug_abbrev  0x000000000000013b      0x10c ./Src/MCAL/GPIO/GPIO_prg.o
 .debug_abbrev  0x0000000000000247       0xb8 ./Src/MCAL/RCC/RCC_prg.o
 .debug_abbrev  0x00000000000002ff      0x212 ./Src/heap_4.o
 .debug_abbrev  0x0000000000000511       0xf2 ./Src/list.o
 .debug_abbrev  0x0000000000000603      0x1d8 ./Src/main.o
 .debug_abbrev  0x00000000000007db      0x246 ./Src/port.o
 .debug_abbrev  0x0000000000000a21      0x2c0 ./Src/queue.o
 .debug_abbrev  0x0000000000000ce1      0x334 ./Src/tasks.o
 .debug_abbrev  0x0000000000001015      0x2a9 ./Src/timers.o
 .debug_abbrev  0x00000000000012be       0x12 ./Startup/startup_stm32f401cdux.o

.debug_aranges  0x0000000000000000      0x5f8
 .debug_aranges
                0x0000000000000000       0xc8 ./Src/MCAL/EXTI/EXTI_prg.o
 .debug_aranges
                0x00000000000000c8       0x68 ./Src/MCAL/GPIO/GPIO_prg.o
 .debug_aranges
                0x0000000000000130       0x30 ./Src/MCAL/RCC/RCC_prg.o
 .debug_aranges
                0x0000000000000160       0x58 ./Src/heap_4.o
 .debug_aranges
                0x00000000000001b8       0x40 ./Src/list.o
 .debug_aranges
                0x00000000000001f8       0x30 ./Src/main.o
 .debug_aranges
                0x0000000000000228       0x80 ./Src/port.o
 .debug_aranges
                0x00000000000002a8       0xe8 ./Src/queue.o
 .debug_aranges
                0x0000000000000390      0x170 ./Src/tasks.o
 .debug_aranges
                0x0000000000000500       0xd0 ./Src/timers.o
 .debug_aranges
                0x00000000000005d0       0x28 ./Startup/startup_stm32f401cdux.o

.debug_ranges   0x0000000000000000      0x550
 .debug_ranges  0x0000000000000000       0xb8 ./Src/MCAL/EXTI/EXTI_prg.o
 .debug_ranges  0x00000000000000b8       0x58 ./Src/MCAL/GPIO/GPIO_prg.o
 .debug_ranges  0x0000000000000110       0x20 ./Src/MCAL/RCC/RCC_prg.o
 .debug_ranges  0x0000000000000130       0x48 ./Src/heap_4.o
 .debug_ranges  0x0000000000000178       0x30 ./Src/list.o
 .debug_ranges  0x00000000000001a8       0x20 ./Src/main.o
 .debug_ranges  0x00000000000001c8       0x70 ./Src/port.o
 .debug_ranges  0x0000000000000238       0xd8 ./Src/queue.o
 .debug_ranges  0x0000000000000310      0x160 ./Src/tasks.o
 .debug_ranges  0x0000000000000470       0xc0 ./Src/timers.o
 .debug_ranges  0x0000000000000530       0x20 ./Startup/startup_stm32f401cdux.o

.debug_macro    0x0000000000000000     0x1347
 .debug_macro   0x0000000000000000       0x48 ./Src/MCAL/EXTI/EXTI_prg.o
 .debug_macro   0x0000000000000048       0x40 ./Src/MCAL/EXTI/EXTI_prg.o
 .debug_macro   0x0000000000000088       0xa0 ./Src/MCAL/EXTI/EXTI_prg.o
 .debug_macro   0x0000000000000128       0x22 ./Src/MCAL/EXTI/EXTI_prg.o
 .debug_macro   0x000000000000014a       0x1c ./Src/MCAL/EXTI/EXTI_prg.o
 .debug_macro   0x0000000000000166       0x3f ./Src/MCAL/GPIO/GPIO_prg.o
 .debug_macro   0x00000000000001a5       0x2e ./Src/MCAL/GPIO/GPIO_prg.o
 .debug_macro   0x00000000000001d3       0x3e ./Src/MCAL/RCC/RCC_prg.o
 .debug_macro   0x0000000000000211      0x240 ./Src/MCAL/RCC/RCC_prg.o
 .debug_macro   0x0000000000000451       0x40 ./Src/MCAL/RCC/RCC_prg.o
 .debug_macro   0x0000000000000491       0xe8 ./Src/MCAL/RCC/RCC_prg.o
 .debug_macro   0x0000000000000579      0x1b3 ./Src/heap_4.o
 .debug_macro   0x000000000000072c      0x198 ./Src/list.o
 .debug_macro   0x00000000000008c4      0x108 ./Src/main.o
 .debug_macro   0x00000000000009cc       0x86 ./Src/main.o
 .debug_macro   0x0000000000000a52       0x70 ./Src/main.o
 .debug_macro   0x0000000000000ac2      0x19b ./Src/port.o
 .debug_macro   0x0000000000000c5d      0x217 ./Src/queue.o
 .debug_macro   0x0000000000000e74       0x16 ./Src/queue.o
 .debug_macro   0x0000000000000e8a       0x35 ./Src/queue.o
 .debug_macro   0x0000000000000ebf       0x20 ./Src/queue.o
 .debug_macro   0x0000000000000edf      0x274 ./Src/tasks.o
 .debug_macro   0x0000000000001153       0x17 ./Src/tasks.o
 .debug_macro   0x000000000000116a      0x1dd ./Src/timers.o

.debug_line     0x0000000000000000     0x57bb
 .debug_line    0x0000000000000000      0x411 ./Src/MCAL/EXTI/EXTI_prg.o
 .debug_line    0x0000000000000411      0x38b ./Src/MCAL/GPIO/GPIO_prg.o
 .debug_line    0x000000000000079c      0x11b ./Src/MCAL/RCC/RCC_prg.o
 .debug_line    0x00000000000008b7      0x897 ./Src/heap_4.o
 .debug_line    0x000000000000114e      0x65d ./Src/list.o
 .debug_line    0x00000000000017ab      0x4ff ./Src/main.o
 .debug_line    0x0000000000001caa      0x727 ./Src/port.o
 .debug_line    0x00000000000023d1     0x1330 ./Src/queue.o
 .debug_line    0x0000000000003701     0x1506 ./Src/tasks.o
 .debug_line    0x0000000000004c07      0xb30 ./Src/timers.o
 .debug_line    0x0000000000005737       0x84 ./Startup/startup_stm32f401cdux.o

.debug_str      0x0000000000000000    0x110a0
 .debug_str     0x0000000000000000     0x348c ./Src/MCAL/EXTI/EXTI_prg.o
                                       0x351d (size before relaxing)
 .debug_str     0x000000000000348c      0x2c7 ./Src/MCAL/GPIO/GPIO_prg.o
                                       0x33f1 (size before relaxing)
 .debug_str     0x0000000000003753      0xa29 ./Src/MCAL/RCC/RCC_prg.o
                                       0x38fe (size before relaxing)
 .debug_str     0x000000000000417c     0x923c ./Src/heap_4.o
                                       0xc156 (size before relaxing)
 .debug_str     0x000000000000d3b8      0x119 ./Src/list.o
                                       0xac9e (size before relaxing)
 .debug_str     0x000000000000d4d1      0xf2d ./Src/main.o
                                       0xa336 (size before relaxing)
 .debug_str     0x000000000000e3fe      0x807 ./Src/port.o
                                       0x9764 (size before relaxing)
 .debug_str     0x000000000000ec05      0x88d ./Src/queue.o
                                       0xcfa9 (size before relaxing)
 .debug_str     0x000000000000f492     0x16ea ./Src/tasks.o
                                       0xd9c7 (size before relaxing)
 .debug_str     0x0000000000010b7c      0x4f3 ./Src/timers.o
                                       0xd4ae (size before relaxing)
 .debug_str     0x000000000001106f       0x31 ./Startup/startup_stm32f401cdux.o
                                         0x6c (size before relaxing)

.comment        0x0000000000000000       0x50
 .comment       0x0000000000000000       0x50 ./Src/MCAL/EXTI/EXTI_prg.o
                                         0x51 (size before relaxing)
 .comment       0x0000000000000050       0x51 ./Src/MCAL/GPIO/GPIO_prg.o
 .comment       0x0000000000000050       0x51 ./Src/MCAL/RCC/RCC_prg.o
 .comment       0x0000000000000050       0x51 ./Src/heap_4.o
 .comment       0x0000000000000050       0x51 ./Src/list.o
 .comment       0x0000000000000050       0x51 ./Src/main.o
 .comment       0x0000000000000050       0x51 ./Src/port.o
 .comment       0x0000000000000050       0x51 ./Src/queue.o
 .comment       0x0000000000000050       0x51 ./Src/tasks.o
 .comment       0x0000000000000050       0x51 ./Src/timers.o

.debug_frame    0x0000000000000000     0x16b8
 .debug_frame   0x0000000000000000      0x2bc ./Src/MCAL/EXTI/EXTI_prg.o
 .debug_frame   0x00000000000002bc      0x19c ./Src/MCAL/GPIO/GPIO_prg.o
 .debug_frame   0x0000000000000458       0x80 ./Src/MCAL/RCC/RCC_prg.o
 .debug_frame   0x00000000000004d8      0x12c ./Src/heap_4.o
 .debug_frame   0x0000000000000604       0xd8 ./Src/list.o
 .debug_frame   0x00000000000006dc       0x70 ./Src/main.o
 .debug_frame   0x000000000000074c      0x1a8 ./Src/port.o
 .debug_frame   0x00000000000008f4      0x3d0 ./Src/queue.o
 .debug_frame   0x0000000000000cc4      0x62c ./Src/tasks.o
 .debug_frame   0x00000000000012f0      0x354 ./Src/timers.o
 .debug_frame   0x0000000000001644       0x2c c:/st/stm32cubeide_1.10.1/stm32cubeide/plugins/com.st.stm32cube.ide.mcu.externaltools.gnu-tools-for-stm32.10.3-2021.10.win32_1.0.0.202111181127/tools/bin/../lib/gcc/arm-none-eabi/10.3.1/../../../../arm-none-eabi/lib/thumb/v7e-m+fp/hard\libc_nano.a(lib_a-init.o)
 .debug_frame   0x0000000000001670       0x28 c:/st/stm32cubeide_1.10.1/stm32cubeide/plugins/com.st.stm32cube.ide.mcu.externaltools.gnu-tools-for-stm32.10.3-2021.10.win32_1.0.0.202111181127/tools/bin/../lib/gcc/arm-none-eabi/10.3.1/../../../../arm-none-eabi/lib/thumb/v7e-m+fp/hard\libc_nano.a(lib_a-memcpy-stub.o)
 .debug_frame   0x0000000000001698       0x20 c:/st/stm32cubeide_1.10.1/stm32cubeide/plugins/com.st.stm32cube.ide.mcu.externaltools.gnu-tools-for-stm32.10.3-2021.10.win32_1.0.0.202111181127/tools/bin/../lib/gcc/arm-none-eabi/10.3.1/../../../../arm-none-eabi/lib/thumb/v7e-m+fp/hard\libc_nano.a(lib_a-memset.o)
