Archive member included to satisfy reference by file (symbol)

c:/st/stm32cubeide_1.10.1/stm32cubeide/plugins/com.st.stm32cube.ide.mcu.externaltools.gnu-tools-for-stm32.10.3-2021.10.win32_1.0.0.202111181127/tools/bin/../lib/gcc/arm-none-eabi/10.3.1/../../../../arm-none-eabi/lib/thumb/v7e-m+fp/hard\libc_nano.a(lib_a-exit.o)
                              c:/st/stm32cubeide_1.10.1/stm32cubeide/plugins/com.st.stm32cube.ide.mcu.externaltools.gnu-tools-for-stm32.10.3-2021.10.win32_1.0.0.202111181127/tools/bin/../lib/gcc/arm-none-eabi/10.3.1/../../../../arm-none-eabi/lib/thumb/v7e-m+fp/hard/crt0.o (exit)
c:/st/stm32cubeide_1.10.1/stm32cubeide/plugins/com.st.stm32cube.ide.mcu.externaltools.gnu-tools-for-stm32.10.3-2021.10.win32_1.0.0.202111181127/tools/bin/../lib/gcc/arm-none-eabi/10.3.1/../../../../arm-none-eabi/lib/thumb/v7e-m+fp/hard\libc_nano.a(lib_a-impure.o)
                              c:/st/stm32cubeide_1.10.1/stm32cubeide/plugins/com.st.stm32cube.ide.mcu.externaltools.gnu-tools-for-stm32.10.3-2021.10.win32_1.0.0.202111181127/tools/bin/../lib/gcc/arm-none-eabi/10.3.1/../../../../arm-none-eabi/lib/thumb/v7e-m+fp/hard\libc_nano.a(lib_a-exit.o) (_global_impure_ptr)
c:/st/stm32cubeide_1.10.1/stm32cubeide/plugins/com.st.stm32cube.ide.mcu.externaltools.gnu-tools-for-stm32.10.3-2021.10.win32_1.0.0.202111181127/tools/bin/../lib/gcc/arm-none-eabi/10.3.1/../../../../arm-none-eabi/lib/thumb/v7e-m+fp/hard\libc_nano.a(lib_a-init.o)
                              c:/st/stm32cubeide_1.10.1/stm32cubeide/plugins/com.st.stm32cube.ide.mcu.externaltools.gnu-tools-for-stm32.10.3-2021.10.win32_1.0.0.202111181127/tools/bin/../lib/gcc/arm-none-eabi/10.3.1/../../../../arm-none-eabi/lib/thumb/v7e-m+fp/hard/crt0.o (__libc_init_array)
c:/st/stm32cubeide_1.10.1/stm32cubeide/plugins/com.st.stm32cube.ide.mcu.externaltools.gnu-tools-for-stm32.10.3-2021.10.win32_1.0.0.202111181127/tools/bin/../lib/gcc/arm-none-eabi/10.3.1/../../../../arm-none-eabi/lib/thumb/v7e-m+fp/hard\libc_nano.a(lib_a-memcpy-stub.o)
                              ./Src/queue.o (memcpy)
c:/st/stm32cubeide_1.10.1/stm32cubeide/plugins/com.st.stm32cube.ide.mcu.externaltools.gnu-tools-for-stm32.10.3-2021.10.win32_1.0.0.202111181127/tools/bin/../lib/gcc/arm-none-eabi/10.3.1/../../../../arm-none-eabi/lib/thumb/v7e-m+fp/hard\libc_nano.a(lib_a-memset.o)
                              c:/st/stm32cubeide_1.10.1/stm32cubeide/plugins/com.st.stm32cube.ide.mcu.externaltools.gnu-tools-for-stm32.10.3-2021.10.win32_1.0.0.202111181127/tools/bin/../lib/gcc/arm-none-eabi/10.3.1/../../../../arm-none-eabi/lib/thumb/v7e-m+fp/hard/crt0.o (memset)
c:/st/stm32cubeide_1.10.1/stm32cubeide/plugins/com.st.stm32cube.ide.mcu.externaltools.gnu-tools-for-stm32.10.3-2021.10.win32_1.0.0.202111181127/tools/bin/../lib/gcc/arm-none-eabi/10.3.1/../../../../arm-none-eabi/lib/thumb/v7e-m+fp/hard\libnosys.a(_exit.o)
                              c:/st/stm32cubeide_1.10.1/stm32cubeide/plugins/com.st.stm32cube.ide.mcu.externaltools.gnu-tools-for-stm32.10.3-2021.10.win32_1.0.0.202111181127/tools/bin/../lib/gcc/arm-none-eabi/10.3.1/../../../../arm-none-eabi/lib/thumb/v7e-m+fp/hard\libc_nano.a(lib_a-exit.o) (_exit)

Discarded input sections

 .text          0x0000000000000000        0x0 c:/st/stm32cubeide_1.10.1/stm32cubeide/plugins/com.st.stm32cube.ide.mcu.externaltools.gnu-tools-for-stm32.10.3-2021.10.win32_1.0.0.202111181127/tools/bin/../lib/gcc/arm-none-eabi/10.3.1/thumb/v7e-m+fp/hard/crti.o
 .data          0x0000000000000000        0x0 c:/st/stm32cubeide_1.10.1/stm32cubeide/plugins/com.st.stm32cube.ide.mcu.externaltools.gnu-tools-for-stm32.10.3-2021.10.win32_1.0.0.202111181127/tools/bin/../lib/gcc/arm-none-eabi/10.3.1/thumb/v7e-m+fp/hard/crti.o
 .bss           0x0000000000000000        0x0 c:/st/stm32cubeide_1.10.1/stm32cubeide/plugins/com.st.stm32cube.ide.mcu.externaltools.gnu-tools-for-stm32.10.3-2021.10.win32_1.0.0.202111181127/tools/bin/../lib/gcc/arm-none-eabi/10.3.1/thumb/v7e-m+fp/hard/crti.o
 .data          0x0000000000000000        0x4 c:/st/stm32cubeide_1.10.1/stm32cubeide/plugins/com.st.stm32cube.ide.mcu.externaltools.gnu-tools-for-stm32.10.3-2021.10.win32_1.0.0.202111181127/tools/bin/../lib/gcc/arm-none-eabi/10.3.1/thumb/v7e-m+fp/hard/crtbegin.o
 .rodata        0x0000000000000000       0x24 c:/st/stm32cubeide_1.10.1/stm32cubeide/plugins/com.st.stm32cube.ide.mcu.externaltools.gnu-tools-for-stm32.10.3-2021.10.win32_1.0.0.202111181127/tools/bin/../lib/gcc/arm-none-eabi/10.3.1/thumb/v7e-m+fp/hard/crtbegin.o
 .text          0x0000000000000000       0x7c c:/st/stm32cubeide_1.10.1/stm32cubeide/plugins/com.st.stm32cube.ide.mcu.externaltools.gnu-tools-for-stm32.10.3-2021.10.win32_1.0.0.202111181127/tools/bin/../lib/gcc/arm-none-eabi/10.3.1/../../../../arm-none-eabi/lib/thumb/v7e-m+fp/hard/crt0.o
 .data          0x0000000000000000        0x0 c:/st/stm32cubeide_1.10.1/stm32cubeide/plugins/com.st.stm32cube.ide.mcu.externaltools.gnu-tools-for-stm32.10.3-2021.10.win32_1.0.0.202111181127/tools/bin/../lib/gcc/arm-none-eabi/10.3.1/../../../../arm-none-eabi/lib/thumb/v7e-m+fp/hard/crt0.o
 .bss           0x0000000000000000        0x0 c:/st/stm32cubeide_1.10.1/stm32cubeide/plugins/com.st.stm32cube.ide.mcu.externaltools.gnu-tools-for-stm32.10.3-2021.10.win32_1.0.0.202111181127/tools/bin/../lib/gcc/arm-none-eabi/10.3.1/../../../../arm-none-eabi/lib/thumb/v7e-m+fp/hard/crt0.o
 .ARM.extab     0x0000000000000000        0x0 c:/st/stm32cubeide_1.10.1/stm32cubeide/plugins/com.st.stm32cube.ide.mcu.externaltools.gnu-tools-for-stm32.10.3-2021.10.win32_1.0.0.202111181127/tools/bin/../lib/gcc/arm-none-eabi/10.3.1/../../../../arm-none-eabi/lib/thumb/v7e-m+fp/hard/crt0.o
 .ARM.exidx     0x0000000000000000       0x10 c:/st/stm32cubeide_1.10.1/stm32cubeide/plugins/com.st.stm32cube.ide.mcu.externaltools.gnu-tools-for-stm32.10.3-2021.10.win32_1.0.0.202111181127/tools/bin/../lib/gcc/arm-none-eabi/10.3.1/../../../../arm-none-eabi/lib/thumb/v7e-m+fp/hard/crt0.o
 .ARM.attributes
                0x0000000000000000       0x1c c:/st/stm32cubeide_1.10.1/stm32cubeide/plugins/com.st.stm32cube.ide.mcu.externaltools.gnu-tools-for-stm32.10.3-2021.10.win32_1.0.0.202111181127/tools/bin/../lib/gcc/arm-none-eabi/10.3.1/../../../../arm-none-eabi/lib/thumb/v7e-m+fp/hard/crt0.o
 .text          0x0000000000000000        0x0 ./Src/MCAL/EXTI/EXTI_prg.o
 .data          0x0000000000000000        0x0 ./Src/MCAL/EXTI/EXTI_prg.o
 .bss           0x0000000000000000        0x0 ./Src/MCAL/EXTI/EXTI_prg.o
 .text.MEXTI_vInit
                0x0000000000000000       0x10 ./Src/MCAL/EXTI/EXTI_prg.o
 .text.MEXTI_vEnableInterrupt
                0x0000000000000000       0x98 ./Src/MCAL/EXTI/EXTI_prg.o
 .text.MEXTI_vDisableInterrupt
                0x0000000000000000       0x1c ./Src/MCAL/EXTI/EXTI_prg.o
 .text.MEXTI_vGenerateSWInterrupt
                0x0000000000000000       0x18 ./Src/MCAL/EXTI/EXTI_prg.o
 .text.MEXTI_vChangeSenseCtrl
                0x0000000000000000       0x54 ./Src/MCAL/EXTI/EXTI_prg.o
 .text.MEXTI_vSetCallBack
                0x0000000000000000        0xc ./Src/MCAL/EXTI/EXTI_prg.o
 .text.EXTI5_IRQHandler
                0x0000000000000000       0x20 ./Src/MCAL/EXTI/EXTI_prg.o
 .text.EXTI6_IRQHandler
                0x0000000000000000       0x20 ./Src/MCAL/EXTI/EXTI_prg.o
 .text.EXTI7_IRQHandler
                0x0000000000000000       0x20 ./Src/MCAL/EXTI/EXTI_prg.o
 .text.EXTI8_IRQHandler
                0x0000000000000000       0x20 ./Src/MCAL/EXTI/EXTI_prg.o
 .text.EXTI9_IRQHandler
                0x0000000000000000       0x20 ./Src/MCAL/EXTI/EXTI_prg.o
 .text.EXTI10_IRQHandler
                0x0000000000000000       0x20 ./Src/MCAL/EXTI/EXTI_prg.o
 .text.EXTI11_IRQHandler
                0x0000000000000000       0x20 ./Src/MCAL/EXTI/EXTI_prg.o
 .text.EXTI12_IRQHandler
                0x0000000000000000       0x20 ./Src/MCAL/EXTI/EXTI_prg.o
 .text.EXTI13_IRQHandler
                0x0000000000000000       0x20 ./Src/MCAL/EXTI/EXTI_prg.o
 .text.EXTI14_IRQHandler
                0x0000000000000000       0x20 ./Src/MCAL/EXTI/EXTI_prg.o
 .text.EXTI15_IRQHandler
                0x0000000000000000       0x20 ./Src/MCAL/EXTI/EXTI_prg.o
 .text          0x0000000000000000        0x0 ./Src/MCAL/GPIO/GPIO_prg.o
 .data          0x0000000000000000        0x0 ./Src/MCAL/GPIO/GPIO_prg.o
 .bss           0x0000000000000000        0x0 ./Src/MCAL/GPIO/GPIO_prg.o
 .text.MGPIO_u8GetPinValue
                0x0000000000000000       0x4c ./Src/MCAL/GPIO/GPIO_prg.o
 .text.MGPIO_vSetPinVal
                0x0000000000000000       0x68 ./Src/MCAL/GPIO/GPIO_prg.o
 .text.MGPIO_vSetPinVal_fast
                0x0000000000000000       0x70 ./Src/MCAL/GPIO/GPIO_prg.o
 .text.MGPIO_vSetLowNibbleVal
                0x0000000000000000       0x24 ./Src/MCAL/GPIO/GPIO_prg.o
 .text          0x0000000000000000        0x0 ./Src/MCAL/NVIC/NVIC_prg.o
 .data          0x0000000000000000        0x0 ./Src/MCAL/NVIC/NVIC_prg.o
 .bss           0x0000000000000000        0x0 ./Src/MCAL/NVIC/NVIC_prg.o
 .text.MNVIC_vEnablePerihral
                0x0000000000000000       0x20 ./Src/MCAL/NVIC/NVIC_prg.o
 .text.MNVIC_vDisablePerhral
                0x0000000000000000       0x22 ./Src/MCAL/NVIC/NVIC_prg.o
 .text.MNVIC_vSetPending
                0x0000000000000000       0x22 ./Src/MCAL/NVIC/NVIC_prg.o
 .text.MNVIC_vClearPending
                0x0000000000000000       0x22 ./Src/MCAL/NVIC/NVIC_prg.o
 .text.MNVIC_u8GetActive
                0x0000000000000000       0x20 ./Src/MCAL/NVIC/NVIC_prg.o
 .text.MNVIC_vSetPriorityConfig
                0x0000000000000000       0x10 ./Src/MCAL/NVIC/NVIC_prg.o
 .text.MNVIC_vSetPriority
                0x0000000000000000       0x64 ./Src/MCAL/NVIC/NVIC_prg.o
 .comment       0x0000000000000000       0x51 ./Src/MCAL/NVIC/NVIC_prg.o
 .ARM.attributes
                0x0000000000000000       0x34 ./Src/MCAL/NVIC/NVIC_prg.o
 .text          0x0000000000000000        0x0 ./Src/MCAL/RCC/RCC_prg.o
 .data          0x0000000000000000        0x0 ./Src/MCAL/RCC/RCC_prg.o
 .bss           0x0000000000000000        0x0 ./Src/MCAL/RCC/RCC_prg.o
 .text.MRCC_vDisbleClock
                0x0000000000000000       0x5c ./Src/MCAL/RCC/RCC_prg.o
 .text          0x0000000000000000        0x0 ./Src/croutine.o
 .data          0x0000000000000000        0x0 ./Src/croutine.o
 .bss           0x0000000000000000        0x0 ./Src/croutine.o
 .comment       0x0000000000000000       0x51 ./Src/croutine.o
 .ARM.attributes
                0x0000000000000000       0x34 ./Src/croutine.o
 .text          0x0000000000000000        0x0 ./Src/event_groups.o
 .data          0x0000000000000000        0x0 ./Src/event_groups.o
 .bss           0x0000000000000000        0x0 ./Src/event_groups.o
 .text.xEventGroupCreate
                0x0000000000000000       0x1a ./Src/event_groups.o
 .text.xEventGroupWaitBits
                0x0000000000000000      0x110 ./Src/event_groups.o
 .text.xEventGroupClearBits
                0x0000000000000000       0x46 ./Src/event_groups.o
 .text.xEventGroupGetBitsFromISR
                0x0000000000000000       0x1c ./Src/event_groups.o
 .text.xEventGroupSetBits
                0x0000000000000000       0x86 ./Src/event_groups.o
 .text.xEventGroupSync
                0x0000000000000000       0xdc ./Src/event_groups.o
 .text.vEventGroupDelete
                0x0000000000000000       0x54 ./Src/event_groups.o
 .text.vEventGroupSetBitsCallback
                0x0000000000000000        0x4 ./Src/event_groups.o
 .text.vEventGroupClearBitsCallback
                0x0000000000000000        0x4 ./Src/event_groups.o
 .comment       0x0000000000000000       0x51 ./Src/event_groups.o
 .ARM.attributes
                0x0000000000000000       0x34 ./Src/event_groups.o
 .text          0x0000000000000000        0x0 ./Src/heap_4.o
 .data          0x0000000000000000        0x0 ./Src/heap_4.o
 .bss           0x0000000000000000        0x0 ./Src/heap_4.o
 .text.xPortGetFreeHeapSize
                0x0000000000000000        0xc ./Src/heap_4.o
 .text.xPortGetMinimumEverFreeHeapSize
                0x0000000000000000        0xc ./Src/heap_4.o
 .text.vPortInitialiseBlocks
                0x0000000000000000        0x2 ./Src/heap_4.o
 .text.vPortGetHeapStats
                0x0000000000000000       0x84 ./Src/heap_4.o
 .text          0x0000000000000000        0x0 ./Src/list.o
 .data          0x0000000000000000        0x0 ./Src/list.o
 .bss           0x0000000000000000        0x0 ./Src/list.o
 .text.vListInsertEnd
                0x0000000000000000       0x18 ./Src/list.o
 .text          0x0000000000000000        0x0 ./Src/main.o
 .data          0x0000000000000000        0x0 ./Src/main.o
 .bss           0x0000000000000000        0x0 ./Src/main.o
 .text          0x0000000000000000        0x0 ./Src/port.o
 .data          0x0000000000000000        0x0 ./Src/port.o
 .bss           0x0000000000000000        0x0 ./Src/port.o
 .text.vPortEndScheduler
                0x0000000000000000       0x24 ./Src/port.o
 .text.vPortValidateInterruptPriority
                0x0000000000000000       0x5c ./Src/port.o
 .text          0x0000000000000000        0x0 ./Src/queue.o
 .data          0x0000000000000000        0x0 ./Src/queue.o
 .bss           0x0000000000000000        0x0 ./Src/queue.o
 .text.prvCopyDataToQueue
                0x0000000000000000       0x6a ./Src/queue.o
 .text.xQueueGenericSend
                0x0000000000000000      0x166 ./Src/queue.o
 .text.xQueueCreateMutex
                0x0000000000000000       0x24 ./Src/queue.o
 .text.xQueueGenericSendFromISR
                0x0000000000000000       0xda ./Src/queue.o
 .text.xQueueGiveFromISR
                0x0000000000000000       0xbe ./Src/queue.o
 .text.xQueueSemaphoreTake
                0x0000000000000000      0x186 ./Src/queue.o
 .text.xQueuePeek
                0x0000000000000000      0x13e ./Src/queue.o
 .text.xQueueReceiveFromISR
                0x0000000000000000       0xb4 ./Src/queue.o
 .text.xQueuePeekFromISR
                0x0000000000000000       0x76 ./Src/queue.o
 .text.uxQueueMessagesWaiting
                0x0000000000000000       0x2a ./Src/queue.o
 .text.uxQueueSpacesAvailable
                0x0000000000000000       0x2e ./Src/queue.o
 .text.uxQueueMessagesWaitingFromISR
                0x0000000000000000       0x18 ./Src/queue.o
 .text.vQueueDelete
                0x0000000000000000       0x18 ./Src/queue.o
 .text.xQueueIsQueueEmptyFromISR
                0x0000000000000000       0x1e ./Src/queue.o
 .text.xQueueIsQueueFullFromISR
                0x0000000000000000       0x20 ./Src/queue.o
 .text          0x0000000000000000        0x0 ./Src/stream_buffer.o
 .data          0x0000000000000000        0x0 ./Src/stream_buffer.o
 .bss           0x0000000000000000        0x0 ./Src/stream_buffer.o
 .text.prvBytesInBuffer
                0x0000000000000000       0x12 ./Src/stream_buffer.o
 .text.prvInitialiseNewStreamBuffer
                0x0000000000000000       0x46 ./Src/stream_buffer.o
 .text.prvWriteBytesToBuffer.part.0
                0x0000000000000000       0x6e ./Src/stream_buffer.o
 .text.prvWriteMessageToBuffer
                0x0000000000000000       0x48 ./Src/stream_buffer.o
 .text.prvReadBytesFromBuffer.part.0
                0x0000000000000000       0x6e ./Src/stream_buffer.o
 .text.prvReadMessageFromBuffer
                0x0000000000000000       0x46 ./Src/stream_buffer.o
 .text.xStreamBufferGenericCreate
                0x0000000000000000       0x80 ./Src/stream_buffer.o
 .text.vStreamBufferDelete
                0x0000000000000000       0x26 ./Src/stream_buffer.o
 .text.xStreamBufferReset
                0x0000000000000000       0x48 ./Src/stream_buffer.o
 .text.xStreamBufferSetTriggerLevel
                0x0000000000000000       0x28 ./Src/stream_buffer.o
 .text.xStreamBufferSpacesAvailable
                0x0000000000000000       0x32 ./Src/stream_buffer.o
 .text.xStreamBufferBytesAvailable
                0x0000000000000000       0x18 ./Src/stream_buffer.o
 .text.xStreamBufferSend
                0x0000000000000000      0x128 ./Src/stream_buffer.o
 .text.xStreamBufferSendFromISR
                0x0000000000000000       0x9c ./Src/stream_buffer.o
 .text.xStreamBufferReceive
                0x0000000000000000       0xe2 ./Src/stream_buffer.o
 .text.xStreamBufferNextMessageLengthBytes
                0x0000000000000000       0x52 ./Src/stream_buffer.o
 .text.xStreamBufferReceiveFromISR
                0x0000000000000000       0x90 ./Src/stream_buffer.o
 .text.xStreamBufferIsEmpty
                0x0000000000000000       0x20 ./Src/stream_buffer.o
 .text.xStreamBufferIsFull
                0x0000000000000000       0x30 ./Src/stream_buffer.o
 .text.xStreamBufferSendCompletedFromISR
                0x0000000000000000       0x4e ./Src/stream_buffer.o
 .text.xStreamBufferReceiveCompletedFromISR
                0x0000000000000000       0x4e ./Src/stream_buffer.o
 .comment       0x0000000000000000       0x51 ./Src/stream_buffer.o
 .ARM.attributes
                0x0000000000000000       0x34 ./Src/stream_buffer.o
 .text          0x0000000000000000        0x0 ./Src/tasks.o
 .data          0x0000000000000000        0x0 ./Src/tasks.o
 .bss           0x0000000000000000        0x0 ./Src/tasks.o
 .text.vTaskEndScheduler
                0x0000000000000000       0x20 ./Src/tasks.o
 .text.xTaskGetTickCountFromISR
                0x0000000000000000       0x10 ./Src/tasks.o
 .text.uxTaskGetNumberOfTasks
                0x0000000000000000        0xc ./Src/tasks.o
 .text.pcTaskGetName
                0x0000000000000000       0x24 ./Src/tasks.o
 .text.xTaskCatchUpTicks
                0x0000000000000000       0x38 ./Src/tasks.o
 .text.vTaskPlaceOnUnorderedEventList
                0x0000000000000000       0x70 ./Src/tasks.o
 .text.vTaskRemoveFromUnorderedEventList
                0x0000000000000000       0xc8 ./Src/tasks.o
 .text.vTaskSetTimeOutState
                0x0000000000000000       0x38 ./Src/tasks.o
 .text.xTaskGetCurrentTaskHandle
                0x0000000000000000        0xc ./Src/tasks.o
 .text.xTaskPriorityInherit
                0x0000000000000000       0xa4 ./Src/tasks.o
 .text.xTaskPriorityDisinherit
                0x0000000000000000       0xa8 ./Src/tasks.o
 .text.vTaskPriorityDisinheritAfterTimeout
                0x0000000000000000       0xb8 ./Src/tasks.o
 .text.uxTaskResetEventItemValue
                0x0000000000000000       0x18 ./Src/tasks.o
 .text.pvTaskIncrementMutexHeldCount
                0x0000000000000000       0x18 ./Src/tasks.o
 .text.ulTaskGenericNotifyTake
                0x0000000000000000       0x78 ./Src/tasks.o
 .text.xTaskGenericNotifyWait
                0x0000000000000000       0xa4 ./Src/tasks.o
 .text.xTaskGenericNotify
                0x0000000000000000      0x128 ./Src/tasks.o
 .text.xTaskGenericNotifyFromISR
                0x0000000000000000      0x178 ./Src/tasks.o
 .text.vTaskGenericNotifyGiveFromISR
                0x0000000000000000      0x118 ./Src/tasks.o
 .text.xTaskGenericNotifyStateClear
                0x0000000000000000       0x40 ./Src/tasks.o
 .text.ulTaskGenericNotifyValueClear
                0x0000000000000000       0x30 ./Src/tasks.o
 .text          0x0000000000000000        0x0 ./Src/timers.o
 .data          0x0000000000000000        0x0 ./Src/timers.o
 .bss           0x0000000000000000        0x0 ./Src/timers.o
 .text.xTimerCreate
                0x0000000000000000       0x5a ./Src/timers.o
 .text.xTimerGenericCommand
                0x0000000000000000       0x58 ./Src/timers.o
 .text.xTimerGetTimerDaemonTaskHandle
                0x0000000000000000       0x20 ./Src/timers.o
 .text.xTimerGetPeriod
                0x0000000000000000       0x18 ./Src/timers.o
 .text.vTimerSetReloadMode
                0x0000000000000000       0x3a ./Src/timers.o
 .text.uxTimerGetReloadMode
                0x0000000000000000       0x30 ./Src/timers.o
 .text.xTimerGetExpiryTime
                0x0000000000000000       0x18 ./Src/timers.o
 .text.pcTimerGetName
                0x0000000000000000       0x18 ./Src/timers.o
 .text.xTimerIsTimerActive
                0x0000000000000000       0x30 ./Src/timers.o
 .text.pvTimerGetTimerID
                0x0000000000000000       0x2a ./Src/timers.o
 .text.vTimerSetTimerID
                0x0000000000000000       0x28 ./Src/timers.o
 .text          0x0000000000000000       0x14 ./Startup/startup_stm32f401cdux.o
 .data          0x0000000000000000        0x0 ./Startup/startup_stm32f401cdux.o
 .bss           0x0000000000000000        0x0 ./Startup/startup_stm32f401cdux.o
 .text          0x0000000000000000        0x0 c:/st/stm32cubeide_1.10.1/stm32cubeide/plugins/com.st.stm32cube.ide.mcu.externaltools.gnu-tools-for-stm32.10.3-2021.10.win32_1.0.0.202111181127/tools/bin/../lib/gcc/arm-none-eabi/10.3.1/../../../../arm-none-eabi/lib/thumb/v7e-m+fp/hard\libc_nano.a(lib_a-exit.o)
 .data          0x0000000000000000        0x0 c:/st/stm32cubeide_1.10.1/stm32cubeide/plugins/com.st.stm32cube.ide.mcu.externaltools.gnu-tools-for-stm32.10.3-2021.10.win32_1.0.0.202111181127/tools/bin/../lib/gcc/arm-none-eabi/10.3.1/../../../../arm-none-eabi/lib/thumb/v7e-m+fp/hard\libc_nano.a(lib_a-exit.o)
 .bss           0x0000000000000000        0x0 c:/st/stm32cubeide_1.10.1/stm32cubeide/plugins/com.st.stm32cube.ide.mcu.externaltools.gnu-tools-for-stm32.10.3-2021.10.win32_1.0.0.202111181127/tools/bin/../lib/gcc/arm-none-eabi/10.3.1/../../../../arm-none-eabi/lib/thumb/v7e-m+fp/hard\libc_nano.a(lib_a-exit.o)
 .text.exit     0x0000000000000000       0x28 c:/st/stm32cubeide_1.10.1/stm32cubeide/plugins/com.st.stm32cube.ide.mcu.externaltools.gnu-tools-for-stm32.10.3-2021.10.win32_1.0.0.202111181127/tools/bin/../lib/gcc/arm-none-eabi/10.3.1/../../../../arm-none-eabi/lib/thumb/v7e-m+fp/hard\libc_nano.a(lib_a-exit.o)
 .debug_frame   0x0000000000000000       0x28 c:/st/stm32cubeide_1.10.1/stm32cubeide/plugins/com.st.stm32cube.ide.mcu.externaltools.gnu-tools-for-stm32.10.3-2021.10.win32_1.0.0.202111181127/tools/bin/../lib/gcc/arm-none-eabi/10.3.1/../../../../arm-none-eabi/lib/thumb/v7e-m+fp/hard\libc_nano.a(lib_a-exit.o)
 .ARM.attributes
                0x0000000000000000       0x34 c:/st/stm32cubeide_1.10.1/stm32cubeide/plugins/com.st.stm32cube.ide.mcu.externaltools.gnu-tools-for-stm32.10.3-2021.10.win32_1.0.0.202111181127/tools/bin/../lib/gcc/arm-none-eabi/10.3.1/../../../../arm-none-eabi/lib/thumb/v7e-m+fp/hard\libc_nano.a(lib_a-exit.o)
 .text          0x0000000000000000        0x0 c:/st/stm32cubeide_1.10.1/stm32cubeide/plugins/com.st.stm32cube.ide.mcu.externaltools.gnu-tools-for-stm32.10.3-2021.10.win32_1.0.0.202111181127/tools/bin/../lib/gcc/arm-none-eabi/10.3.1/../../../../arm-none-eabi/lib/thumb/v7e-m+fp/hard\libc_nano.a(lib_a-impure.o)
 .data          0x0000000000000000        0x0 c:/st/stm32cubeide_1.10.1/stm32cubeide/plugins/com.st.stm32cube.ide.mcu.externaltools.gnu-tools-for-stm32.10.3-2021.10.win32_1.0.0.202111181127/tools/bin/../lib/gcc/arm-none-eabi/10.3.1/../../../../arm-none-eabi/lib/thumb/v7e-m+fp/hard\libc_nano.a(lib_a-impure.o)
 .bss           0x0000000000000000        0x0 c:/st/stm32cubeide_1.10.1/stm32cubeide/plugins/com.st.stm32cube.ide.mcu.externaltools.gnu-tools-for-stm32.10.3-2021.10.win32_1.0.0.202111181127/tools/bin/../lib/gcc/arm-none-eabi/10.3.1/../../../../arm-none-eabi/lib/thumb/v7e-m+fp/hard\libc_nano.a(lib_a-impure.o)
 .data._impure_ptr
                0x0000000000000000        0x4 c:/st/stm32cubeide_1.10.1/stm32cubeide/plugins/com.st.stm32cube.ide.mcu.externaltools.gnu-tools-for-stm32.10.3-2021.10.win32_1.0.0.202111181127/tools/bin/../lib/gcc/arm-none-eabi/10.3.1/../../../../arm-none-eabi/lib/thumb/v7e-m+fp/hard\libc_nano.a(lib_a-impure.o)
 .data.impure_data
                0x0000000000000000       0x60 c:/st/stm32cubeide_1.10.1/stm32cubeide/plugins/com.st.stm32cube.ide.mcu.externaltools.gnu-tools-for-stm32.10.3-2021.10.win32_1.0.0.202111181127/tools/bin/../lib/gcc/arm-none-eabi/10.3.1/../../../../arm-none-eabi/lib/thumb/v7e-m+fp/hard\libc_nano.a(lib_a-impure.o)
 .rodata._global_impure_ptr
                0x0000000000000000        0x4 c:/st/stm32cubeide_1.10.1/stm32cubeide/plugins/com.st.stm32cube.ide.mcu.externaltools.gnu-tools-for-stm32.10.3-2021.10.win32_1.0.0.202111181127/tools/bin/../lib/gcc/arm-none-eabi/10.3.1/../../../../arm-none-eabi/lib/thumb/v7e-m+fp/hard\libc_nano.a(lib_a-impure.o)
 .ARM.attributes
                0x0000000000000000       0x34 c:/st/stm32cubeide_1.10.1/stm32cubeide/plugins/com.st.stm32cube.ide.mcu.externaltools.gnu-tools-for-stm32.10.3-2021.10.win32_1.0.0.202111181127/tools/bin/../lib/gcc/arm-none-eabi/10.3.1/../../../../arm-none-eabi/lib/thumb/v7e-m+fp/hard\libc_nano.a(lib_a-impure.o)
 .text          0x0000000000000000        0x0 c:/st/stm32cubeide_1.10.1/stm32cubeide/plugins/com.st.stm32cube.ide.mcu.externaltools.gnu-tools-for-stm32.10.3-2021.10.win32_1.0.0.202111181127/tools/bin/../lib/gcc/arm-none-eabi/10.3.1/../../../../arm-none-eabi/lib/thumb/v7e-m+fp/hard\libc_nano.a(lib_a-init.o)
 .data          0x0000000000000000        0x0 c:/st/stm32cubeide_1.10.1/stm32cubeide/plugins/com.st.stm32cube.ide.mcu.externaltools.gnu-tools-for-stm32.10.3-2021.10.win32_1.0.0.202111181127/tools/bin/../lib/gcc/arm-none-eabi/10.3.1/../../../../arm-none-eabi/lib/thumb/v7e-m+fp/hard\libc_nano.a(lib_a-init.o)
 .bss           0x0000000000000000        0x0 c:/st/stm32cubeide_1.10.1/stm32cubeide/plugins/com.st.stm32cube.ide.mcu.externaltools.gnu-tools-for-stm32.10.3-2021.10.win32_1.0.0.202111181127/tools/bin/../lib/gcc/arm-none-eabi/10.3.1/../../../../arm-none-eabi/lib/thumb/v7e-m+fp/hard\libc_nano.a(lib_a-init.o)
 .text          0x0000000000000000        0x0 c:/st/stm32cubeide_1.10.1/stm32cubeide/plugins/com.st.stm32cube.ide.mcu.externaltools.gnu-tools-for-stm32.10.3-2021.10.win32_1.0.0.202111181127/tools/bin/../lib/gcc/arm-none-eabi/10.3.1/../../../../arm-none-eabi/lib/thumb/v7e-m+fp/hard\libc_nano.a(lib_a-memcpy-stub.o)
 .data          0x0000000000000000        0x0 c:/st/stm32cubeide_1.10.1/stm32cubeide/plugins/com.st.stm32cube.ide.mcu.externaltools.gnu-tools-for-stm32.10.3-2021.10.win32_1.0.0.202111181127/tools/bin/../lib/gcc/arm-none-eabi/10.3.1/../../../../arm-none-eabi/lib/thumb/v7e-m+fp/hard\libc_nano.a(lib_a-memcpy-stub.o)
 .bss           0x0000000000000000        0x0 c:/st/stm32cubeide_1.10.1/stm32cubeide/plugins/com.st.stm32cube.ide.mcu.externaltools.gnu-tools-for-stm32.10.3-2021.10.win32_1.0.0.202111181127/tools/bin/../lib/gcc/arm-none-eabi/10.3.1/../../../../arm-none-eabi/lib/thumb/v7e-m+fp/hard\libc_nano.a(lib_a-memcpy-stub.o)
 .text          0x0000000000000000        0x0 c:/st/stm32cubeide_1.10.1/stm32cubeide/plugins/com.st.stm32cube.ide.mcu.externaltools.gnu-tools-for-stm32.10.3-2021.10.win32_1.0.0.202111181127/tools/bin/../lib/gcc/arm-none-eabi/10.3.1/../../../../arm-none-eabi/lib/thumb/v7e-m+fp/hard\libc_nano.a(lib_a-memset.o)
 .data          0x0000000000000000        0x0 c:/st/stm32cubeide_1.10.1/stm32cubeide/plugins/com.st.stm32cube.ide.mcu.externaltools.gnu-tools-for-stm32.10.3-2021.10.win32_1.0.0.202111181127/tools/bin/../lib/gcc/arm-none-eabi/10.3.1/../../../../arm-none-eabi/lib/thumb/v7e-m+fp/hard\libc_nano.a(lib_a-memset.o)
 .bss           0x0000000000000000        0x0 c:/st/stm32cubeide_1.10.1/stm32cubeide/plugins/com.st.stm32cube.ide.mcu.externaltools.gnu-tools-for-stm32.10.3-2021.10.win32_1.0.0.202111181127/tools/bin/../lib/gcc/arm-none-eabi/10.3.1/../../../../arm-none-eabi/lib/thumb/v7e-m+fp/hard\libc_nano.a(lib_a-memset.o)
 .text.memset   0x0000000000000000       0x10 c:/st/stm32cubeide_1.10.1/stm32cubeide/plugins/com.st.stm32cube.ide.mcu.externaltools.gnu-tools-for-stm32.10.3-2021.10.win32_1.0.0.202111181127/tools/bin/../lib/gcc/arm-none-eabi/10.3.1/../../../../arm-none-eabi/lib/thumb/v7e-m+fp/hard\libc_nano.a(lib_a-memset.o)
 .debug_frame   0x0000000000000000       0x20 c:/st/stm32cubeide_1.10.1/stm32cubeide/plugins/com.st.stm32cube.ide.mcu.externaltools.gnu-tools-for-stm32.10.3-2021.10.win32_1.0.0.202111181127/tools/bin/../lib/gcc/arm-none-eabi/10.3.1/../../../../arm-none-eabi/lib/thumb/v7e-m+fp/hard\libc_nano.a(lib_a-memset.o)
 .ARM.attributes
                0x0000000000000000       0x34 c:/st/stm32cubeide_1.10.1/stm32cubeide/plugins/com.st.stm32cube.ide.mcu.externaltools.gnu-tools-for-stm32.10.3-2021.10.win32_1.0.0.202111181127/tools/bin/../lib/gcc/arm-none-eabi/10.3.1/../../../../arm-none-eabi/lib/thumb/v7e-m+fp/hard\libc_nano.a(lib_a-memset.o)
 .text          0x0000000000000000        0x0 c:/st/stm32cubeide_1.10.1/stm32cubeide/plugins/com.st.stm32cube.ide.mcu.externaltools.gnu-tools-for-stm32.10.3-2021.10.win32_1.0.0.202111181127/tools/bin/../lib/gcc/arm-none-eabi/10.3.1/../../../../arm-none-eabi/lib/thumb/v7e-m+fp/hard\libnosys.a(_exit.o)
 .data          0x0000000000000000        0x0 c:/st/stm32cubeide_1.10.1/stm32cubeide/plugins/com.st.stm32cube.ide.mcu.externaltools.gnu-tools-for-stm32.10.3-2021.10.win32_1.0.0.202111181127/tools/bin/../lib/gcc/arm-none-eabi/10.3.1/../../../../arm-none-eabi/lib/thumb/v7e-m+fp/hard\libnosys.a(_exit.o)
 .bss           0x0000000000000000        0x0 c:/st/stm32cubeide_1.10.1/stm32cubeide/plugins/com.st.stm32cube.ide.mcu.externaltools.gnu-tools-for-stm32.10.3-2021.10.win32_1.0.0.202111181127/tools/bin/../lib/gcc/arm-none-eabi/10.3.1/../../../../arm-none-eabi/lib/thumb/v7e-m+fp/hard\libnosys.a(_exit.o)
 .text._exit    0x0000000000000000        0x2 c:/st/stm32cubeide_1.10.1/stm32cubeide/plugins/com.st.stm32cube.ide.mcu.externaltools.gnu-tools-for-stm32.10.3-2021.10.win32_1.0.0.202111181127/tools/bin/../lib/gcc/arm-none-eabi/10.3.1/../../../../arm-none-eabi/lib/thumb/v7e-m+fp/hard\libnosys.a(_exit.o)
 .debug_frame   0x0000000000000000       0x20 c:/st/stm32cubeide_1.10.1/stm32cubeide/plugins/com.st.stm32cube.ide.mcu.externaltools.gnu-tools-for-stm32.10.3-2021.10.win32_1.0.0.202111181127/tools/bin/../lib/gcc/arm-none-eabi/10.3.1/../../../../arm-none-eabi/lib/thumb/v7e-m+fp/hard\libnosys.a(_exit.o)
 .ARM.attributes
                0x0000000000000000       0x34 c:/st/stm32cubeide_1.10.1/stm32cubeide/plugins/com.st.stm32cube.ide.mcu.externaltools.gnu-tools-for-stm32.10.3-2021.10.win32_1.0.0.202111181127/tools/bin/../lib/gcc/arm-none-eabi/10.3.1/../../../../arm-none-eabi/lib/thumb/v7e-m+fp/hard\libnosys.a(_exit.o)
 .text          0x0000000000000000        0x0 c:/st/stm32cubeide_1.10.1/stm32cubeide/plugins/com.st.stm32cube.ide.mcu.externaltools.gnu-tools-for-stm32.10.3-2021.10.win32_1.0.0.202111181127/tools/bin/../lib/gcc/arm-none-eabi/10.3.1/thumb/v7e-m+fp/hard/crtend.o
 .data          0x0000000000000000        0x0 c:/st/stm32cubeide_1.10.1/stm32cubeide/plugins/com.st.stm32cube.ide.mcu.externaltools.gnu-tools-for-stm32.10.3-2021.10.win32_1.0.0.202111181127/tools/bin/../lib/gcc/arm-none-eabi/10.3.1/thumb/v7e-m+fp/hard/crtend.o
 .bss           0x0000000000000000        0x0 c:/st/stm32cubeide_1.10.1/stm32cubeide/plugins/com.st.stm32cube.ide.mcu.externaltools.gnu-tools-for-stm32.10.3-2021.10.win32_1.0.0.202111181127/tools/bin/../lib/gcc/arm-none-eabi/10.3.1/thumb/v7e-m+fp/hard/crtend.o
 .rodata        0x0000000000000000       0x24 c:/st/stm32cubeide_1.10.1/stm32cubeide/plugins/com.st.stm32cube.ide.mcu.externaltools.gnu-tools-for-stm32.10.3-2021.10.win32_1.0.0.202111181127/tools/bin/../lib/gcc/arm-none-eabi/10.3.1/thumb/v7e-m+fp/hard/crtend.o
 .eh_frame      0x0000000000000000        0x4 c:/st/stm32cubeide_1.10.1/stm32cubeide/plugins/com.st.stm32cube.ide.mcu.externaltools.gnu-tools-for-stm32.10.3-2021.10.win32_1.0.0.202111181127/tools/bin/../lib/gcc/arm-none-eabi/10.3.1/thumb/v7e-m+fp/hard/crtend.o
 .ARM.attributes
                0x0000000000000000       0x34 c:/st/stm32cubeide_1.10.1/stm32cubeide/plugins/com.st.stm32cube.ide.mcu.externaltools.gnu-tools-for-stm32.10.3-2021.10.win32_1.0.0.202111181127/tools/bin/../lib/gcc/arm-none-eabi/10.3.1/thumb/v7e-m+fp/hard/crtend.o
 .text          0x0000000000000000        0x0 c:/st/stm32cubeide_1.10.1/stm32cubeide/plugins/com.st.stm32cube.ide.mcu.externaltools.gnu-tools-for-stm32.10.3-2021.10.win32_1.0.0.202111181127/tools/bin/../lib/gcc/arm-none-eabi/10.3.1/thumb/v7e-m+fp/hard/crtn.o
 .data          0x0000000000000000        0x0 c:/st/stm32cubeide_1.10.1/stm32cubeide/plugins/com.st.stm32cube.ide.mcu.externaltools.gnu-tools-for-stm32.10.3-2021.10.win32_1.0.0.202111181127/tools/bin/../lib/gcc/arm-none-eabi/10.3.1/thumb/v7e-m+fp/hard/crtn.o
 .bss           0x0000000000000000        0x0 c:/st/stm32cubeide_1.10.1/stm32cubeide/plugins/com.st.stm32cube.ide.mcu.externaltools.gnu-tools-for-stm32.10.3-2021.10.win32_1.0.0.202111181127/tools/bin/../lib/gcc/arm-none-eabi/10.3.1/thumb/v7e-m+fp/hard/crtn.o

Memory Configuration

Name             Origin             Length             Attributes
RAM              0x0000000020000000 0x0000000000018000 xrw
FLASH            0x0000000008000000 0x0000000000060000 xr
*default*        0x0000000000000000 0xffffffffffffffff

Linker script and memory map

LOAD c:/st/stm32cubeide_1.10.1/stm32cubeide/plugins/com.st.stm32cube.ide.mcu.externaltools.gnu-tools-for-stm32.10.3-2021.10.win32_1.0.0.202111181127/tools/bin/../lib/gcc/arm-none-eabi/10.3.1/thumb/v7e-m+fp/hard/crti.o
LOAD c:/st/stm32cubeide_1.10.1/stm32cubeide/plugins/com.st.stm32cube.ide.mcu.externaltools.gnu-tools-for-stm32.10.3-2021.10.win32_1.0.0.202111181127/tools/bin/../lib/gcc/arm-none-eabi/10.3.1/thumb/v7e-m+fp/hard/crtbegin.o
LOAD c:/st/stm32cubeide_1.10.1/stm32cubeide/plugins/com.st.stm32cube.ide.mcu.externaltools.gnu-tools-for-stm32.10.3-2021.10.win32_1.0.0.202111181127/tools/bin/../lib/gcc/arm-none-eabi/10.3.1/../../../../arm-none-eabi/lib/thumb/v7e-m+fp/hard/crt0.o
LOAD ./Src/MCAL/EXTI/EXTI_prg.o
LOAD ./Src/MCAL/GPIO/GPIO_prg.o
LOAD ./Src/MCAL/NVIC/NVIC_prg.o
LOAD ./Src/MCAL/RCC/RCC_prg.o
LOAD ./Src/croutine.o
LOAD ./Src/event_groups.o
LOAD ./Src/heap_4.o
LOAD ./Src/list.o
LOAD ./Src/main.o
LOAD ./Src/port.o
LOAD ./Src/queue.o
LOAD ./Src/stream_buffer.o
LOAD ./Src/tasks.o
LOAD ./Src/timers.o
LOAD ./Startup/startup_stm32f401cdux.o
START GROUP
LOAD c:/st/stm32cubeide_1.10.1/stm32cubeide/plugins/com.st.stm32cube.ide.mcu.externaltools.gnu-tools-for-stm32.10.3-2021.10.win32_1.0.0.202111181127/tools/bin/../lib/gcc/arm-none-eabi/10.3.1/../../../../arm-none-eabi/lib/thumb/v7e-m+fp/hard\libc_nano.a
LOAD c:/st/stm32cubeide_1.10.1/stm32cubeide/plugins/com.st.stm32cube.ide.mcu.externaltools.gnu-tools-for-stm32.10.3-2021.10.win32_1.0.0.202111181127/tools/bin/../lib/gcc/arm-none-eabi/10.3.1/../../../../arm-none-eabi/lib/thumb/v7e-m+fp/hard\libm.a
END GROUP
START GROUP
LOAD c:/st/stm32cubeide_1.10.1/stm32cubeide/plugins/com.st.stm32cube.ide.mcu.externaltools.gnu-tools-for-stm32.10.3-2021.10.win32_1.0.0.202111181127/tools/bin/../lib/gcc/arm-none-eabi/10.3.1/thumb/v7e-m+fp/hard\libgcc.a
LOAD c:/st/stm32cubeide_1.10.1/stm32cubeide/plugins/com.st.stm32cube.ide.mcu.externaltools.gnu-tools-for-stm32.10.3-2021.10.win32_1.0.0.202111181127/tools/bin/../lib/gcc/arm-none-eabi/10.3.1/../../../../arm-none-eabi/lib/thumb/v7e-m+fp/hard\libc_nano.a
END GROUP
START GROUP
LOAD c:/st/stm32cubeide_1.10.1/stm32cubeide/plugins/com.st.stm32cube.ide.mcu.externaltools.gnu-tools-for-stm32.10.3-2021.10.win32_1.0.0.202111181127/tools/bin/../lib/gcc/arm-none-eabi/10.3.1/thumb/v7e-m+fp/hard\libgcc.a
LOAD c:/st/stm32cubeide_1.10.1/stm32cubeide/plugins/com.st.stm32cube.ide.mcu.externaltools.gnu-tools-for-stm32.10.3-2021.10.win32_1.0.0.202111181127/tools/bin/../lib/gcc/arm-none-eabi/10.3.1/../../../../arm-none-eabi/lib/thumb/v7e-m+fp/hard\libc_nano.a
LOAD c:/st/stm32cubeide_1.10.1/stm32cubeide/plugins/com.st.stm32cube.ide.mcu.externaltools.gnu-tools-for-stm32.10.3-2021.10.win32_1.0.0.202111181127/tools/bin/../lib/gcc/arm-none-eabi/10.3.1/../../../../arm-none-eabi/lib/thumb/v7e-m+fp/hard\libnosys.a
END GROUP
START GROUP
LOAD c:/st/stm32cubeide_1.10.1/stm32cubeide/plugins/com.st.stm32cube.ide.mcu.externaltools.gnu-tools-for-stm32.10.3-2021.10.win32_1.0.0.202111181127/tools/bin/../lib/gcc/arm-none-eabi/10.3.1/thumb/v7e-m+fp/hard\libgcc.a
LOAD c:/st/stm32cubeide_1.10.1/stm32cubeide/plugins/com.st.stm32cube.ide.mcu.externaltools.gnu-tools-for-stm32.10.3-2021.10.win32_1.0.0.202111181127/tools/bin/../lib/gcc/arm-none-eabi/10.3.1/../../../../arm-none-eabi/lib/thumb/v7e-m+fp/hard\libc_nano.a
LOAD c:/st/stm32cubeide_1.10.1/stm32cubeide/plugins/com.st.stm32cube.ide.mcu.externaltools.gnu-tools-for-stm32.10.3-2021.10.win32_1.0.0.202111181127/tools/bin/../lib/gcc/arm-none-eabi/10.3.1/../../../../arm-none-eabi/lib/thumb/v7e-m+fp/hard\libnosys.a
END GROUP
LOAD c:/st/stm32cubeide_1.10.1/stm32cubeide/plugins/com.st.stm32cube.ide.mcu.externaltools.gnu-tools-for-stm32.10.3-2021.10.win32_1.0.0.202111181127/tools/bin/../lib/gcc/arm-none-eabi/10.3.1/thumb/v7e-m+fp/hard/crtend.o
LOAD c:/st/stm32cubeide_1.10.1/stm32cubeide/plugins/com.st.stm32cube.ide.mcu.externaltools.gnu-tools-for-stm32.10.3-2021.10.win32_1.0.0.202111181127/tools/bin/../lib/gcc/arm-none-eabi/10.3.1/thumb/v7e-m+fp/hard/crtn.o
                0x0000000020018000                _estack = (ORIGIN (RAM) + LENGTH (RAM))
                0x0000000000000200                _Min_Heap_Size = 0x200
                0x0000000000000400                _Min_Stack_Size = 0x400

.isr_vector     0x0000000008000000      0x194
                0x0000000008000000                . = ALIGN (0x4)
 *(.isr_vector)
 .isr_vector    0x0000000008000000      0x194 ./Startup/startup_stm32f401cdux.o
                0x0000000008000000                g_pfnVectors
                0x0000000008000194                . = ALIGN (0x4)

.text           0x00000000080001a0     0x1854
                0x00000000080001a0                . = ALIGN (0x4)
 *(.text)
 .text          0x00000000080001a0       0x40 c:/st/stm32cubeide_1.10.1/stm32cubeide/plugins/com.st.stm32cube.ide.mcu.externaltools.gnu-tools-for-stm32.10.3-2021.10.win32_1.0.0.202111181127/tools/bin/../lib/gcc/arm-none-eabi/10.3.1/thumb/v7e-m+fp/hard/crtbegin.o
 *(.text*)
 .text.EXTI0_IRQHandler
                0x00000000080001e0       0x20 ./Src/MCAL/EXTI/EXTI_prg.o
                0x00000000080001e0                EXTI0_IRQHandler
 .text.EXTI1_IRQHandler
                0x0000000008000200       0x20 ./Src/MCAL/EXTI/EXTI_prg.o
                0x0000000008000200                EXTI1_IRQHandler
 .text.EXTI2_IRQHandler
                0x0000000008000220       0x20 ./Src/MCAL/EXTI/EXTI_prg.o
                0x0000000008000220                EXTI2_IRQHandler
 .text.EXTI3_IRQHandler
                0x0000000008000240       0x20 ./Src/MCAL/EXTI/EXTI_prg.o
                0x0000000008000240                EXTI3_IRQHandler
 .text.EXTI4_IRQHandler
                0x0000000008000260       0x20 ./Src/MCAL/EXTI/EXTI_prg.o
                0x0000000008000260                EXTI4_IRQHandler
 .text.MGPIO_vSetPinMode
                0x0000000008000280       0x3c ./Src/MCAL/GPIO/GPIO_prg.o
                0x0000000008000280                MGPIO_vSetPinMode
 .text.MGPIO_vSetPinOutputType
                0x00000000080002bc       0x68 ./Src/MCAL/GPIO/GPIO_prg.o
                0x00000000080002bc                MGPIO_vSetPinOutputType
 .text.MGPIO_vSetPinOutputSpeed
                0x0000000008000324       0x3c ./Src/MCAL/GPIO/GPIO_prg.o
                0x0000000008000324                MGPIO_vSetPinOutputSpeed
 .text.MGPIO_vSetPinInputPull
                0x0000000008000360       0x3c ./Src/MCAL/GPIO/GPIO_prg.o
                0x0000000008000360                MGPIO_vSetPinInputPull
 .text.MGPIO_vTogPinVal
                0x000000000800039c       0x44 ./Src/MCAL/GPIO/GPIO_prg.o
                0x000000000800039c                MGPIO_vTogPinVal
 .text.MGPIO_vInit
                0x00000000080003e0       0x30 ./Src/MCAL/GPIO/GPIO_prg.o
                0x00000000080003e0                MGPIO_vInit
 .text.MRCC_vInit
                0x0000000008000410       0x34 ./Src/MCAL/RCC/RCC_prg.o
                0x0000000008000410                MRCC_vInit
 .text.MRCC_vEnableClock
                0x0000000008000444       0x54 ./Src/MCAL/RCC/RCC_prg.o
                0x0000000008000444                MRCC_vEnableClock
 .text.prvInsertBlockIntoFreeList
                0x0000000008000498       0x48 ./Src/heap_4.o
 .text.pvPortMalloc
                0x00000000080004e0      0x130 ./Src/heap_4.o
                0x00000000080004e0                pvPortMalloc
 .text.vPortFree
                0x0000000008000610       0x7c ./Src/heap_4.o
                0x0000000008000610                vPortFree
 .text.vListInitialise
                0x000000000800068c       0x16 ./Src/list.o
                0x000000000800068c                vListInitialise
 .text.vListInitialiseItem
                0x00000000080006a2        0x6 ./Src/list.o
                0x00000000080006a2                vListInitialiseItem
 .text.vListInsert
                0x00000000080006a8       0x2e ./Src/list.o
                0x00000000080006a8                vListInsert
 .text.uxListRemove
                0x00000000080006d6       0x20 ./Src/list.o
                0x00000000080006d6                uxListRemove
 .text.Task_LED1
                0x00000000080006f6       0x14 ./Src/main.o
                0x00000000080006f6                Task_LED1
 .text.Task_LED2
                0x000000000800070a       0x14 ./Src/main.o
                0x000000000800070a                Task_LED2
 .text.Task_LED3
                0x000000000800071e       0x14 ./Src/main.o
                0x000000000800071e                Task_LED3
 *fill*         0x0000000008000732        0x2 
 .text.startup.main
                0x0000000008000734       0x74 ./Src/main.o
                0x0000000008000734                main
 .text.prvPortStartFirstTask
                0x00000000080007a8       0x28 ./Src/port.o
 .text.vPortEnableVFP
                0x00000000080007d0       0x14 ./Src/port.o
 .text.prvTaskExitError
                0x00000000080007e4       0x40 ./Src/port.o
 .text.pxPortInitialiseStack
                0x0000000008000824       0x2c ./Src/port.o
                0x0000000008000824                pxPortInitialiseStack
 .text.SVC_Handler
                0x0000000008000850       0x24 ./Src/port.o
                0x0000000008000850                SVC_Handler
 .text.vPortEnterCritical
                0x0000000008000874       0x40 ./Src/port.o
                0x0000000008000874                vPortEnterCritical
 .text.vPortExitCritical
                0x00000000080008b4       0x28 ./Src/port.o
                0x00000000080008b4                vPortExitCritical
 *fill*         0x00000000080008dc        0x4 
 .text.PendSV_Handler
                0x00000000080008e0       0x64 ./Src/port.o
                0x00000000080008e0                PendSV_Handler
 .text.SysTick_Handler
                0x0000000008000944       0x2c ./Src/port.o
                0x0000000008000944                SysTick_Handler
 .text.vPortSetupTimerInterrupt
                0x0000000008000970       0x16 ./Src/port.o
                0x0000000008000970                vPortSetupTimerInterrupt
 *fill*         0x0000000008000986        0x2 
 .text.xPortStartScheduler
                0x0000000008000988      0x10c ./Src/port.o
                0x0000000008000988                xPortStartScheduler
 .text.prvIsQueueEmpty
                0x0000000008000a94       0x16 ./Src/queue.o
 .text.prvCopyDataFromQueue
                0x0000000008000aaa       0x2c ./Src/queue.o
 .text.prvUnlockQueue
                0x0000000008000ad6       0x70 ./Src/queue.o
 .text.xQueueGenericReset
                0x0000000008000b46       0x9a ./Src/queue.o
                0x0000000008000b46                xQueueGenericReset
 .text.xQueueGenericCreate
                0x0000000008000be0       0x4e ./Src/queue.o
                0x0000000008000be0                xQueueGenericCreate
 .text.xQueueReceive
                0x0000000008000c2e      0x13e ./Src/queue.o
                0x0000000008000c2e                xQueueReceive
 .text.vQueueWaitForMessageRestricted
                0x0000000008000d6c       0x46 ./Src/queue.o
                0x0000000008000d6c                vQueueWaitForMessageRestricted
 *fill*         0x0000000008000db2        0x2 
 .text.prvIdleTask
                0x0000000008000db4       0x24 ./Src/tasks.o
 .text.prvResetNextTaskUnblockTime
                0x0000000008000dd8       0x24 ./Src/tasks.o
 .text.prvAddCurrentTaskToDelayedList.constprop.0
                0x0000000008000dfc       0x70 ./Src/tasks.o
 .text.xTaskCreate
                0x0000000008000e6c      0x1b4 ./Src/tasks.o
                0x0000000008000e6c                xTaskCreate
 .text.vTaskStartScheduler
                0x0000000008001020       0x80 ./Src/tasks.o
                0x0000000008001020                vTaskStartScheduler
 .text.vTaskSuspendAll
                0x00000000080010a0       0x10 ./Src/tasks.o
                0x00000000080010a0                vTaskSuspendAll
 .text.xTaskGetTickCount
                0x00000000080010b0        0xc ./Src/tasks.o
                0x00000000080010b0                xTaskGetTickCount
 .text.xTaskIncrementTick
                0x00000000080010bc      0x178 ./Src/tasks.o
                0x00000000080010bc                xTaskIncrementTick
 .text.xTaskResumeAll
                0x0000000008001234      0x13c ./Src/tasks.o
                0x0000000008001234                xTaskResumeAll
 .text.vTaskDelay
                0x0000000008001370       0x48 ./Src/tasks.o
                0x0000000008001370                vTaskDelay
 .text.vTaskSwitchContext
                0x00000000080013b8       0x74 ./Src/tasks.o
                0x00000000080013b8                vTaskSwitchContext
 .text.vTaskPlaceOnEventList
                0x000000000800142c       0x30 ./Src/tasks.o
                0x000000000800142c                vTaskPlaceOnEventList
 .text.vTaskPlaceOnEventListRestricted
                0x000000000800145c       0x54 ./Src/tasks.o
                0x000000000800145c                vTaskPlaceOnEventListRestricted
 .text.xTaskRemoveFromEventList
                0x00000000080014b0       0xd0 ./Src/tasks.o
                0x00000000080014b0                xTaskRemoveFromEventList
 .text.vTaskInternalSetTimeOutState
                0x0000000008001580       0x18 ./Src/tasks.o
                0x0000000008001580                vTaskInternalSetTimeOutState
 .text.xTaskCheckForTimeOut
                0x0000000008001598       0x74 ./Src/tasks.o
                0x0000000008001598                xTaskCheckForTimeOut
 .text.vTaskMissedYield
                0x000000000800160c        0xc ./Src/tasks.o
                0x000000000800160c                vTaskMissedYield
 .text.xTaskGetSchedulerState
                0x0000000008001618       0x20 ./Src/tasks.o
                0x0000000008001618                xTaskGetSchedulerState
 .text.prvCheckForValidListAndQueue
                0x0000000008001638       0x4c ./Src/timers.o
 .text.prvInsertTimerInActiveList
                0x0000000008001684       0x3c ./Src/timers.o
 .text.prvReloadTimer
                0x00000000080016c0       0x26 ./Src/timers.o
 *fill*         0x00000000080016e6        0x2 
 .text.prvProcessExpiredTimer
                0x00000000080016e8       0x44 ./Src/timers.o
 .text.prvSampleTimeNow
                0x000000000800172c       0x4c ./Src/timers.o
 .text.prvTimerTask
                0x0000000008001778      0x160 ./Src/timers.o
 .text.xTimerCreateTimerTask
                0x00000000080018d8       0x4c ./Src/timers.o
                0x00000000080018d8                xTimerCreateTimerTask
 .text.Reset_Handler
                0x0000000008001924       0x50 ./Startup/startup_stm32f401cdux.o
                0x0000000008001924                Reset_Handler
 .text.Default_Handler
                0x0000000008001974        0x2 ./Startup/startup_stm32f401cdux.o
                0x0000000008001974                DebugMon_Handler
                0x0000000008001974                SPI4_IRQHandler
                0x0000000008001974                TIM1_CC_IRQHandler
                0x0000000008001974                HardFault_Handler
                0x0000000008001974                SDIO_IRQHandler
                0x0000000008001974                TAMP_STAMP_IRQHandler
                0x0000000008001974                NMI_Handler
                0x0000000008001974                TIM1_UP_TIM10_IRQHandler
                0x0000000008001974                I2C3_ER_IRQHandler
                0x0000000008001974                EXTI18_OTG_FS_WKUP_IRQHandler
                0x0000000008001974                I2C2_EV_IRQHandler
                0x0000000008001974                FPU_IRQHandler
                0x0000000008001974                UsageFault_Handler
                0x0000000008001974                SPI1_IRQHandler
                0x0000000008001974                TIM1_BRK_TIM9_IRQHandler
                0x0000000008001974                USART6_IRQHandler
                0x0000000008001974                TIM4_IRQHandler
                0x0000000008001974                I2C1_EV_IRQHandler
                0x0000000008001974                TIM3_IRQHandler
                0x0000000008001974                RCC_IRQHandler
                0x0000000008001974                Default_Handler
                0x0000000008001974                EXTI15_10_IRQHandler
                0x0000000008001974                ADC_IRQHandler
                0x0000000008001974                TIM5_IRQHandler
                0x0000000008001974                I2C3_EV_IRQHandler
                0x0000000008001974                EXTI9_5_IRQHandler
                0x0000000008001974                SPI2_IRQHandler
                0x0000000008001974                MemManage_Handler
                0x0000000008001974                EXTI22_RTC_WKUP_IRQHandler
                0x0000000008001974                TIM2_IRQHandler
                0x0000000008001974                EXTI16_PVD_IRQHandler
                0x0000000008001974                TIM1_TRG_COM_TIM11_IRQHandler
                0x0000000008001974                EXTI17_RTC_Alarm_IRQHandler
                0x0000000008001974                USART2_IRQHandler
                0x0000000008001974                I2C2_ER_IRQHandler
                0x0000000008001974                FLASH_IRQHandler
                0x0000000008001974                BusFault_Handler
                0x0000000008001974                USART1_IRQHandler
                0x0000000008001974                OTG_FS_IRQHandler
                0x0000000008001974                SPI3_IRQHandler
                0x0000000008001974                I2C1_ER_IRQHandler
 *fill*         0x0000000008001976        0x2 
 .text.__libc_init_array
                0x0000000008001978       0x48 c:/st/stm32cubeide_1.10.1/stm32cubeide/plugins/com.st.stm32cube.ide.mcu.externaltools.gnu-tools-for-stm32.10.3-2021.10.win32_1.0.0.202111181127/tools/bin/../lib/gcc/arm-none-eabi/10.3.1/../../../../arm-none-eabi/lib/thumb/v7e-m+fp/hard\libc_nano.a(lib_a-init.o)
                0x0000000008001978                __libc_init_array
 .text.memcpy   0x00000000080019c0       0x1c c:/st/stm32cubeide_1.10.1/stm32cubeide/plugins/com.st.stm32cube.ide.mcu.externaltools.gnu-tools-for-stm32.10.3-2021.10.win32_1.0.0.202111181127/tools/bin/../lib/gcc/arm-none-eabi/10.3.1/../../../../arm-none-eabi/lib/thumb/v7e-m+fp/hard\libc_nano.a(lib_a-memcpy-stub.o)
                0x00000000080019c0                memcpy
 *(.glue_7)
 .glue_7        0x00000000080019dc        0x0 linker stubs
 *(.glue_7t)
 .glue_7t       0x00000000080019dc        0x0 linker stubs
 *(.eh_frame)
 .eh_frame      0x00000000080019dc        0x0 c:/st/stm32cubeide_1.10.1/stm32cubeide/plugins/com.st.stm32cube.ide.mcu.externaltools.gnu-tools-for-stm32.10.3-2021.10.win32_1.0.0.202111181127/tools/bin/../lib/gcc/arm-none-eabi/10.3.1/thumb/v7e-m+fp/hard/crtbegin.o
 *(.init)
 .init          0x00000000080019dc        0x4 c:/st/stm32cubeide_1.10.1/stm32cubeide/plugins/com.st.stm32cube.ide.mcu.externaltools.gnu-tools-for-stm32.10.3-2021.10.win32_1.0.0.202111181127/tools/bin/../lib/gcc/arm-none-eabi/10.3.1/thumb/v7e-m+fp/hard/crti.o
                0x00000000080019dc                _init
 .init          0x00000000080019e0        0x8 c:/st/stm32cubeide_1.10.1/stm32cubeide/plugins/com.st.stm32cube.ide.mcu.externaltools.gnu-tools-for-stm32.10.3-2021.10.win32_1.0.0.202111181127/tools/bin/../lib/gcc/arm-none-eabi/10.3.1/thumb/v7e-m+fp/hard/crtn.o
 *(.fini)
 .fini          0x00000000080019e8        0x4 c:/st/stm32cubeide_1.10.1/stm32cubeide/plugins/com.st.stm32cube.ide.mcu.externaltools.gnu-tools-for-stm32.10.3-2021.10.win32_1.0.0.202111181127/tools/bin/../lib/gcc/arm-none-eabi/10.3.1/thumb/v7e-m+fp/hard/crti.o
                0x00000000080019e8                _fini
 .fini          0x00000000080019ec        0x8 c:/st/stm32cubeide_1.10.1/stm32cubeide/plugins/com.st.stm32cube.ide.mcu.externaltools.gnu-tools-for-stm32.10.3-2021.10.win32_1.0.0.202111181127/tools/bin/../lib/gcc/arm-none-eabi/10.3.1/thumb/v7e-m+fp/hard/crtn.o
                0x00000000080019f4                . = ALIGN (0x4)
                0x00000000080019f4                _etext = .

.vfp11_veneer   0x00000000080019f4        0x0
 .vfp11_veneer  0x00000000080019f4        0x0 linker stubs

.v4_bx          0x00000000080019f4        0x0
 .v4_bx         0x00000000080019f4        0x0 linker stubs

.iplt           0x00000000080019f4        0x0
 .iplt          0x00000000080019f4        0x0 c:/st/stm32cubeide_1.10.1/stm32cubeide/plugins/com.st.stm32cube.ide.mcu.externaltools.gnu-tools-for-stm32.10.3-2021.10.win32_1.0.0.202111181127/tools/bin/../lib/gcc/arm-none-eabi/10.3.1/thumb/v7e-m+fp/hard/crtbegin.o

.rodata         0x00000000080019f4       0x10
                0x00000000080019f4                . = ALIGN (0x4)
 *(.rodata)
 *(.rodata*)
 .rodata.vTaskStartScheduler.str1.1
                0x00000000080019f4        0x5 ./Src/tasks.o
 .rodata.xTimerCreateTimerTask.str1.1
                0x00000000080019f9        0x8 ./Src/timers.o
                0x0000000008001a04                . = ALIGN (0x4)
 *fill*         0x0000000008001a01        0x3 

.rel.dyn        0x0000000008001a04        0x0
 .rel.iplt      0x0000000008001a04        0x0 c:/st/stm32cubeide_1.10.1/stm32cubeide/plugins/com.st.stm32cube.ide.mcu.externaltools.gnu-tools-for-stm32.10.3-2021.10.win32_1.0.0.202111181127/tools/bin/../lib/gcc/arm-none-eabi/10.3.1/thumb/v7e-m+fp/hard/crtbegin.o

.ARM.extab      0x0000000008001a04        0x0
                0x0000000008001a04                . = ALIGN (0x4)
 *(.ARM.extab* .gnu.linkonce.armextab.*)
                0x0000000008001a04                . = ALIGN (0x4)

.ARM            0x0000000008001a04        0x0
                0x0000000008001a04                . = ALIGN (0x4)
                0x0000000008001a04                __exidx_start = .
 *(.ARM.exidx*)
                0x0000000008001a04                __exidx_end = .
                0x0000000008001a04                . = ALIGN (0x4)

.preinit_array  0x0000000008001a04        0x0
                0x0000000008001a04                . = ALIGN (0x4)
                0x0000000008001a04                PROVIDE (__preinit_array_start = .)
 *(.preinit_array*)
                0x0000000008001a04                PROVIDE (__preinit_array_end = .)
                0x0000000008001a04                . = ALIGN (0x4)

.init_array     0x0000000008001a04        0x4
                0x0000000008001a04                . = ALIGN (0x4)
                0x0000000008001a04                PROVIDE (__init_array_start = .)
 *(SORT_BY_NAME(.init_array.*))
 *(.init_array*)
 .init_array    0x0000000008001a04        0x4 c:/st/stm32cubeide_1.10.1/stm32cubeide/plugins/com.st.stm32cube.ide.mcu.externaltools.gnu-tools-for-stm32.10.3-2021.10.win32_1.0.0.202111181127/tools/bin/../lib/gcc/arm-none-eabi/10.3.1/thumb/v7e-m+fp/hard/crtbegin.o
                0x0000000008001a08                PROVIDE (__init_array_end = .)
                0x0000000008001a08                . = ALIGN (0x4)

.fini_array     0x0000000008001a08        0x4
                0x0000000008001a08                . = ALIGN (0x4)
                [!provide]                        PROVIDE (__fini_array_start = .)
 *(SORT_BY_NAME(.fini_array.*))
 *(.fini_array*)
 .fini_array    0x0000000008001a08        0x4 c:/st/stm32cubeide_1.10.1/stm32cubeide/plugins/com.st.stm32cube.ide.mcu.externaltools.gnu-tools-for-stm32.10.3-2021.10.win32_1.0.0.202111181127/tools/bin/../lib/gcc/arm-none-eabi/10.3.1/thumb/v7e-m+fp/hard/crtbegin.o
                [!provide]                        PROVIDE (__fini_array_end = .)
                0x0000000008001a0c                . = ALIGN (0x4)
                0x0000000008001a0c                _sidata = LOADADDR (.data)

.data           0x0000000020000000       0x20 load address 0x0000000008001a0c
                0x0000000020000000                . = ALIGN (0x4)
                0x0000000020000000                _sdata = .
 *(.data)
 *(.data*)
 .data.pin_arr  0x0000000020000000       0x15 ./Src/main.o
                0x0000000020000000                pin_arr
 *fill*         0x0000000020000015        0x3 
 .data.uxCriticalNesting
                0x0000000020000018        0x4 ./Src/port.o
 .data.uxTopUsedPriority
                0x000000002000001c        0x4 ./Src/tasks.o
                0x000000002000001c                uxTopUsedPriority
 *(.RamFunc)
 *(.RamFunc*)
                0x0000000020000020                . = ALIGN (0x4)
                0x0000000020000020                _edata = .

.igot.plt       0x0000000020000020        0x0 load address 0x0000000008001a2c
 .igot.plt      0x0000000020000020        0x0 c:/st/stm32cubeide_1.10.1/stm32cubeide/plugins/com.st.stm32cube.ide.mcu.externaltools.gnu-tools-for-stm32.10.3-2021.10.win32_1.0.0.202111181127/tools/bin/../lib/gcc/arm-none-eabi/10.3.1/thumb/v7e-m+fp/hard/crtbegin.o
                0x0000000020000020                . = ALIGN (0x4)

.bss            0x0000000020000020     0x5198 load address 0x0000000008001a2c
                0x0000000020000020                _sbss = .
                0x0000000020000020                __bss_start__ = _sbss
 *(.bss)
 .bss           0x0000000020000020       0x1c c:/st/stm32cubeide_1.10.1/stm32cubeide/plugins/com.st.stm32cube.ide.mcu.externaltools.gnu-tools-for-stm32.10.3-2021.10.win32_1.0.0.202111181127/tools/bin/../lib/gcc/arm-none-eabi/10.3.1/thumb/v7e-m+fp/hard/crtbegin.o
 *(.bss*)
 .bss.GS_fpEXTI_SetCallBack
                0x000000002000003c       0x40 ./Src/MCAL/EXTI/EXTI_prg.o
 .bss.pxEnd     0x000000002000007c        0x4 ./Src/heap_4.o
 .bss.ucHeap    0x0000000020000080     0x5000 ./Src/heap_4.o
 .bss.xBlockAllocatedBit
                0x0000000020005080        0x4 ./Src/heap_4.o
 .bss.xFreeBytesRemaining
                0x0000000020005084        0x4 ./Src/heap_4.o
 .bss.xMinimumEverFreeBytesRemaining
                0x0000000020005088        0x4 ./Src/heap_4.o
 .bss.xNumberOfSuccessfulAllocations
                0x000000002000508c        0x4 ./Src/heap_4.o
 .bss.xNumberOfSuccessfulFrees
                0x0000000020005090        0x4 ./Src/heap_4.o
 .bss.xStart    0x0000000020005094        0x8 ./Src/heap_4.o
 .bss.ucMaxSysCallPriority
                0x000000002000509c        0x1 ./Src/port.o
 *fill*         0x000000002000509d        0x3 
 .bss.ulMaxPRIGROUPValue
                0x00000000200050a0        0x4 ./Src/port.o
 .bss.pxCurrentTCB
                0x00000000200050a4        0x4 ./Src/tasks.o
                0x00000000200050a4                pxCurrentTCB
 .bss.pxDelayedTaskList
                0x00000000200050a8        0x4 ./Src/tasks.o
 .bss.pxOverflowDelayedTaskList
                0x00000000200050ac        0x4 ./Src/tasks.o
 .bss.pxReadyTasksLists
                0x00000000200050b0       0x64 ./Src/tasks.o
 .bss.uxCurrentNumberOfTasks
                0x0000000020005114        0x4 ./Src/tasks.o
 .bss.uxSchedulerSuspended
                0x0000000020005118        0x4 ./Src/tasks.o
 .bss.uxTaskNumber
                0x000000002000511c        0x4 ./Src/tasks.o
 .bss.uxTopReadyPriority
                0x0000000020005120        0x4 ./Src/tasks.o
 .bss.xDelayedTaskList1
                0x0000000020005124       0x14 ./Src/tasks.o
 .bss.xDelayedTaskList2
                0x0000000020005138       0x14 ./Src/tasks.o
 .bss.xIdleTaskHandle
                0x000000002000514c        0x4 ./Src/tasks.o
 .bss.xNextTaskUnblockTime
                0x0000000020005150        0x4 ./Src/tasks.o
 .bss.xNumOfOverflows
                0x0000000020005154        0x4 ./Src/tasks.o
 .bss.xPendedTicks
                0x0000000020005158        0x4 ./Src/tasks.o
 .bss.xPendingReadyList
                0x000000002000515c       0x14 ./Src/tasks.o
 .bss.xSchedulerRunning
                0x0000000020005170        0x4 ./Src/tasks.o
 .bss.xTickCount
                0x0000000020005174        0x4 ./Src/tasks.o
 .bss.xYieldPending
                0x0000000020005178        0x4 ./Src/tasks.o
 .bss.pxCurrentTimerList
                0x000000002000517c        0x4 ./Src/timers.o
 .bss.pxOverflowTimerList
                0x0000000020005180        0x4 ./Src/timers.o
 .bss.xActiveTimerList1
                0x0000000020005184       0x14 ./Src/timers.o
 .bss.xActiveTimerList2
                0x0000000020005198       0x14 ./Src/timers.o
 .bss.xLastTime.0
                0x00000000200051ac        0x4 ./Src/timers.o
 .bss.xTimerQueue
                0x00000000200051b0        0x4 ./Src/timers.o
 .bss.xTimerTaskHandle
                0x00000000200051b4        0x4 ./Src/timers.o
 *(COMMON)
                0x00000000200051b8                . = ALIGN (0x4)
                0x00000000200051b8                _ebss = .
                0x00000000200051b8                __bss_end__ = _ebss

._user_heap_stack
                0x00000000200051b8      0x600 load address 0x0000000008001a2c
                0x00000000200051b8                . = ALIGN (0x8)
                [!provide]                        PROVIDE (end = .)
                [!provide]                        PROVIDE (_end = .)
                0x00000000200053b8                . = (. + _Min_Heap_Size)
 *fill*         0x00000000200051b8      0x200 
                0x00000000200057b8                . = (. + _Min_Stack_Size)
 *fill*         0x00000000200053b8      0x400 
                0x00000000200057b8                . = ALIGN (0x8)

/DISCARD/
 libc.a(*)
 libm.a(*)
 libgcc.a(*)

.ARM.attributes
                0x0000000000000000       0x30
 *(.ARM.attributes)
 .ARM.attributes
                0x0000000000000000       0x1e c:/st/stm32cubeide_1.10.1/stm32cubeide/plugins/com.st.stm32cube.ide.mcu.externaltools.gnu-tools-for-stm32.10.3-2021.10.win32_1.0.0.202111181127/tools/bin/../lib/gcc/arm-none-eabi/10.3.1/thumb/v7e-m+fp/hard/crti.o
 .ARM.attributes
                0x000000000000001e       0x34 c:/st/stm32cubeide_1.10.1/stm32cubeide/plugins/com.st.stm32cube.ide.mcu.externaltools.gnu-tools-for-stm32.10.3-2021.10.win32_1.0.0.202111181127/tools/bin/../lib/gcc/arm-none-eabi/10.3.1/thumb/v7e-m+fp/hard/crtbegin.o
 .ARM.attributes
                0x0000000000000052       0x34 ./Src/MCAL/EXTI/EXTI_prg.o
 .ARM.attributes
                0x0000000000000086       0x34 ./Src/MCAL/GPIO/GPIO_prg.o
 .ARM.attributes
                0x00000000000000ba       0x34 ./Src/MCAL/RCC/RCC_prg.o
 .ARM.attributes
                0x00000000000000ee       0x34 ./Src/heap_4.o
 .ARM.attributes
                0x0000000000000122       0x34 ./Src/list.o
 .ARM.attributes
                0x0000000000000156       0x34 ./Src/main.o
 .ARM.attributes
                0x000000000000018a       0x34 ./Src/port.o
 .ARM.attributes
                0x00000000000001be       0x34 ./Src/queue.o
 .ARM.attributes
                0x00000000000001f2       0x34 ./Src/tasks.o
 .ARM.attributes
                0x0000000000000226       0x34 ./Src/timers.o
 .ARM.attributes
                0x000000000000025a       0x21 ./Startup/startup_stm32f401cdux.o
 .ARM.attributes
                0x000000000000027b       0x34 c:/st/stm32cubeide_1.10.1/stm32cubeide/plugins/com.st.stm32cube.ide.mcu.externaltools.gnu-tools-for-stm32.10.3-2021.10.win32_1.0.0.202111181127/tools/bin/../lib/gcc/arm-none-eabi/10.3.1/../../../../arm-none-eabi/lib/thumb/v7e-m+fp/hard\libc_nano.a(lib_a-init.o)
 .ARM.attributes
                0x00000000000002af       0x34 c:/st/stm32cubeide_1.10.1/stm32cubeide/plugins/com.st.stm32cube.ide.mcu.externaltools.gnu-tools-for-stm32.10.3-2021.10.win32_1.0.0.202111181127/tools/bin/../lib/gcc/arm-none-eabi/10.3.1/../../../../arm-none-eabi/lib/thumb/v7e-m+fp/hard\libc_nano.a(lib_a-memcpy-stub.o)
 .ARM.attributes
                0x00000000000002e3       0x1e c:/st/stm32cubeide_1.10.1/stm32cubeide/plugins/com.st.stm32cube.ide.mcu.externaltools.gnu-tools-for-stm32.10.3-2021.10.win32_1.0.0.202111181127/tools/bin/../lib/gcc/arm-none-eabi/10.3.1/thumb/v7e-m+fp/hard/crtn.o
OUTPUT(07-FreeRTOS.elf elf32-littlearm)
LOAD linker stubs
LOAD c:/st/stm32cubeide_1.10.1/stm32cubeide/plugins/com.st.stm32cube.ide.mcu.externaltools.gnu-tools-for-stm32.10.3-2021.10.win32_1.0.0.202111181127/tools/bin/../lib/gcc/arm-none-eabi/10.3.1/../../../../arm-none-eabi/lib/thumb/v7e-m+fp/hard\libc.a
LOAD c:/st/stm32cubeide_1.10.1/stm32cubeide/plugins/com.st.stm32cube.ide.mcu.externaltools.gnu-tools-for-stm32.10.3-2021.10.win32_1.0.0.202111181127/tools/bin/../lib/gcc/arm-none-eabi/10.3.1/../../../../arm-none-eabi/lib/thumb/v7e-m+fp/hard\libm.a
LOAD c:/st/stm32cubeide_1.10.1/stm32cubeide/plugins/com.st.stm32cube.ide.mcu.externaltools.gnu-tools-for-stm32.10.3-2021.10.win32_1.0.0.202111181127/tools/bin/../lib/gcc/arm-none-eabi/10.3.1/thumb/v7e-m+fp/hard\libgcc.a

.comment        0x0000000000000000       0x50
 .comment       0x0000000000000000       0x50 ./Src/MCAL/EXTI/EXTI_prg.o
                                         0x51 (size before relaxing)
 .comment       0x0000000000000050       0x51 ./Src/MCAL/GPIO/GPIO_prg.o
 .comment       0x0000000000000050       0x51 ./Src/MCAL/RCC/RCC_prg.o
 .comment       0x0000000000000050       0x51 ./Src/heap_4.o
 .comment       0x0000000000000050       0x51 ./Src/list.o
 .comment       0x0000000000000050       0x51 ./Src/main.o
 .comment       0x0000000000000050       0x51 ./Src/port.o
 .comment       0x0000000000000050       0x51 ./Src/queue.o
 .comment       0x0000000000000050       0x51 ./Src/tasks.o
 .comment       0x0000000000000050       0x51 ./Src/timers.o

.debug_frame    0x0000000000000000       0x54
 .debug_frame   0x0000000000000000       0x2c c:/st/stm32cubeide_1.10.1/stm32cubeide/plugins/com.st.stm32cube.ide.mcu.externaltools.gnu-tools-for-stm32.10.3-2021.10.win32_1.0.0.202111181127/tools/bin/../lib/gcc/arm-none-eabi/10.3.1/../../../../arm-none-eabi/lib/thumb/v7e-m+fp/hard\libc_nano.a(lib_a-init.o)
 .debug_frame   0x000000000000002c       0x28 c:/st/stm32cubeide_1.10.1/stm32cubeide/plugins/com.st.stm32cube.ide.mcu.externaltools.gnu-tools-for-stm32.10.3-2021.10.win32_1.0.0.202111181127/tools/bin/../lib/gcc/arm-none-eabi/10.3.1/../../../../arm-none-eabi/lib/thumb/v7e-m+fp/hard\libc_nano.a(lib_a-memcpy-stub.o)
